Archive member included to satisfy reference by file (symbol)

c:/gcc_toolchain/6_2017-q1-update/bin/../lib/gcc/arm-none-eabi/6.3.1/../../../../arm-none-eabi/lib/thumb/v7e-m/fpv5-sp/hard\libc_nano.a(lib_a-errno.o)
                              build/main.o (__errno)
c:/gcc_toolchain/6_2017-q1-update/bin/../lib/gcc/arm-none-eabi/6.3.1/../../../../arm-none-eabi/lib/thumb/v7e-m/fpv5-sp/hard\libc_nano.a(lib_a-exit.o)
                              c:/gcc_toolchain/6_2017-q1-update/bin/../lib/gcc/arm-none-eabi/6.3.1/../../../../arm-none-eabi/lib/thumb/v7e-m/fpv5-sp/hard/crt0.o (exit)
c:/gcc_toolchain/6_2017-q1-update/bin/../lib/gcc/arm-none-eabi/6.3.1/../../../../arm-none-eabi/lib/thumb/v7e-m/fpv5-sp/hard\libc_nano.a(lib_a-impure.o)
                              c:/gcc_toolchain/6_2017-q1-update/bin/../lib/gcc/arm-none-eabi/6.3.1/../../../../arm-none-eabi/lib/thumb/v7e-m/fpv5-sp/hard\libc_nano.a(lib_a-exit.o) (_global_impure_ptr)
c:/gcc_toolchain/6_2017-q1-update/bin/../lib/gcc/arm-none-eabi/6.3.1/../../../../arm-none-eabi/lib/thumb/v7e-m/fpv5-sp/hard\libc_nano.a(lib_a-init.o)
                              c:/gcc_toolchain/6_2017-q1-update/bin/../lib/gcc/arm-none-eabi/6.3.1/../../../../arm-none-eabi/lib/thumb/v7e-m/fpv5-sp/hard/crt0.o (__libc_init_array)
c:/gcc_toolchain/6_2017-q1-update/bin/../lib/gcc/arm-none-eabi/6.3.1/../../../../arm-none-eabi/lib/thumb/v7e-m/fpv5-sp/hard\libc_nano.a(lib_a-malloc.o)
                              build/usbh_msc.o (malloc)
c:/gcc_toolchain/6_2017-q1-update/bin/../lib/gcc/arm-none-eabi/6.3.1/../../../../arm-none-eabi/lib/thumb/v7e-m/fpv5-sp/hard\libc_nano.a(lib_a-memcpy-stub.o)
                              build/queue.o (memcpy)
c:/gcc_toolchain/6_2017-q1-update/bin/../lib/gcc/arm-none-eabi/6.3.1/../../../../arm-none-eabi/lib/thumb/v7e-m/fpv5-sp/hard\libc_nano.a(lib_a-memset.o)
                              c:/gcc_toolchain/6_2017-q1-update/bin/../lib/gcc/arm-none-eabi/6.3.1/../../../../arm-none-eabi/lib/thumb/v7e-m/fpv5-sp/hard/crt0.o (memset)
c:/gcc_toolchain/6_2017-q1-update/bin/../lib/gcc/arm-none-eabi/6.3.1/../../../../arm-none-eabi/lib/thumb/v7e-m/fpv5-sp/hard\libc_nano.a(lib_a-nano-freer.o)
                              c:/gcc_toolchain/6_2017-q1-update/bin/../lib/gcc/arm-none-eabi/6.3.1/../../../../arm-none-eabi/lib/thumb/v7e-m/fpv5-sp/hard\libc_nano.a(lib_a-malloc.o) (_free_r)
c:/gcc_toolchain/6_2017-q1-update/bin/../lib/gcc/arm-none-eabi/6.3.1/../../../../arm-none-eabi/lib/thumb/v7e-m/fpv5-sp/hard\libc_nano.a(lib_a-nano-mallocr.o)
                              c:/gcc_toolchain/6_2017-q1-update/bin/../lib/gcc/arm-none-eabi/6.3.1/../../../../arm-none-eabi/lib/thumb/v7e-m/fpv5-sp/hard\libc_nano.a(lib_a-malloc.o) (_malloc_r)
c:/gcc_toolchain/6_2017-q1-update/bin/../lib/gcc/arm-none-eabi/6.3.1/../../../../arm-none-eabi/lib/thumb/v7e-m/fpv5-sp/hard\libc_nano.a(lib_a-puts.o)
                              build/main.o (puts)
c:/gcc_toolchain/6_2017-q1-update/bin/../lib/gcc/arm-none-eabi/6.3.1/../../../../arm-none-eabi/lib/thumb/v7e-m/fpv5-sp/hard\libc_nano.a(lib_a-sbrkr.o)
                              c:/gcc_toolchain/6_2017-q1-update/bin/../lib/gcc/arm-none-eabi/6.3.1/../../../../arm-none-eabi/lib/thumb/v7e-m/fpv5-sp/hard\libc_nano.a(lib_a-nano-mallocr.o) (_sbrk_r)
c:/gcc_toolchain/6_2017-q1-update/bin/../lib/gcc/arm-none-eabi/6.3.1/../../../../arm-none-eabi/lib/thumb/v7e-m/fpv5-sp/hard\libc_nano.a(lib_a-wbuf.o)
                              c:/gcc_toolchain/6_2017-q1-update/bin/../lib/gcc/arm-none-eabi/6.3.1/../../../../arm-none-eabi/lib/thumb/v7e-m/fpv5-sp/hard\libc_nano.a(lib_a-puts.o) (__swbuf_r)
c:/gcc_toolchain/6_2017-q1-update/bin/../lib/gcc/arm-none-eabi/6.3.1/../../../../arm-none-eabi/lib/thumb/v7e-m/fpv5-sp/hard\libc_nano.a(lib_a-wsetup.o)
                              c:/gcc_toolchain/6_2017-q1-update/bin/../lib/gcc/arm-none-eabi/6.3.1/../../../../arm-none-eabi/lib/thumb/v7e-m/fpv5-sp/hard\libc_nano.a(lib_a-puts.o) (__swsetup_r)
c:/gcc_toolchain/6_2017-q1-update/bin/../lib/gcc/arm-none-eabi/6.3.1/../../../../arm-none-eabi/lib/thumb/v7e-m/fpv5-sp/hard\libc_nano.a(lib_a-fflush.o)
                              c:/gcc_toolchain/6_2017-q1-update/bin/../lib/gcc/arm-none-eabi/6.3.1/../../../../arm-none-eabi/lib/thumb/v7e-m/fpv5-sp/hard\libc_nano.a(lib_a-wbuf.o) (_fflush_r)
c:/gcc_toolchain/6_2017-q1-update/bin/../lib/gcc/arm-none-eabi/6.3.1/../../../../arm-none-eabi/lib/thumb/v7e-m/fpv5-sp/hard\libc_nano.a(lib_a-findfp.o)
                              c:/gcc_toolchain/6_2017-q1-update/bin/../lib/gcc/arm-none-eabi/6.3.1/../../../../arm-none-eabi/lib/thumb/v7e-m/fpv5-sp/hard\libc_nano.a(lib_a-puts.o) (__sinit)
c:/gcc_toolchain/6_2017-q1-update/bin/../lib/gcc/arm-none-eabi/6.3.1/../../../../arm-none-eabi/lib/thumb/v7e-m/fpv5-sp/hard\libc_nano.a(lib_a-fwalk.o)
                              c:/gcc_toolchain/6_2017-q1-update/bin/../lib/gcc/arm-none-eabi/6.3.1/../../../../arm-none-eabi/lib/thumb/v7e-m/fpv5-sp/hard\libc_nano.a(lib_a-findfp.o) (_fwalk)
[...]
Memory Configuration

Name             Origin             Length             Attributes
RAM              0x20000000         0x00050000         xrw
FLASH            0x08000000         0x00100000         xr
SDRAM            0xc0000000         0x00800000         xrw
*default*        0x00000000         0xffffffff

Linker script and memory map

LOAD c:/gcc_toolchain/6_2017-q1-update/bin/../lib/gcc/arm-none-eabi/6.3.1/thumb/v7e-m/fpv5-sp/hard/crti.o
LOAD c:/gcc_toolchain/6_2017-q1-update/bin/../lib/gcc/arm-none-eabi/6.3.1/thumb/v7e-m/fpv5-sp/hard/crtbegin.o
LOAD c:/gcc_toolchain/6_2017-q1-update/bin/../lib/gcc/arm-none-eabi/6.3.1/../../../../arm-none-eabi/lib/thumb/v7e-m/fpv5-sp/hard/crt0.o
LOAD build/stm32f7xx_hal_tim_ex.o
LOAD build/stm32f7xx_hal.o
LOAD build/stm32f7xx_hal_timebase_TIM.o
LOAD build/stm32f7xx_hal_cortex.o
LOAD build/freertos.o
LOAD build/usbh_conf.o
LOAD build/heap_4.o
LOAD build/stm32f7xx_hal_pwr_ex.o
LOAD build/stm32f7xx_hal_hcd.o
LOAD build/stm32f7xx_hal_rcc.o
LOAD build/stm32f7xx_hal_dma.o
LOAD build/usbh_ctlreq.o
LOAD build/stm32f7xx_hal_crc_ex.o
LOAD build/list.o
LOAD build/stm32f7xx_hal_adc.o
LOAD build/stm32f7xx_hal_tim.o
LOAD build/usbh_diskio.o
LOAD build/bsp_driver_sd.o
LOAD build/croutine.o
LOAD build/port.o
LOAD build/usbh_ioreq.o
LOAD build/usbh_msc_bot.o
LOAD build/usbh_pipes.o
LOAD build/stm32f7xx_ll_sdmmc.o
LOAD build/stm32f7xx_hal_msp.o
LOAD build/sd_diskio.o
LOAD build/cmsis_os.o
LOAD build/stm32f7xx_hal_adc_ex.o
LOAD build/stm32f7xx_hal_i2c_ex.o
LOAD build/queue.o
LOAD build/usb_host.o
LOAD build/stm32f7xx_hal_rcc_ex.o
LOAD build/stm32f7xx_hal_sd.o
LOAD build/fatfs.o
LOAD build/stm32f7xx_hal_i2c.o
LOAD build/system_stm32f7xx.o
LOAD build/ff.o
LOAD build/usbh_msc.o
LOAD build/stm32f7xx_hal_flash.o
LOAD build/stm32f7xx_hal_dma_ex.o
LOAD build/usbh_core.o
LOAD build/stm32f7xx_hal_crc.o
LOAD build/stm32f7xx_hal_uart.o
LOAD build/stm32f7xx_hal_rng.o
LOAD build/stm32f7xx_hal_rtc.o
LOAD build/syscall.o
LOAD build/usbh_msc_scsi.o
LOAD build/event_groups.o
LOAD build/stm32f7xx_it.o
LOAD build/ff_gen_drv.o
LOAD build/stm32f7xx_hal_flash_ex.o
LOAD build/diskio.o
LOAD build/stm32f7xx_hal_pwr.o
LOAD build/tasks.o
LOAD build/stm32f7xx_hal_rtc_ex.o
LOAD build/stm32f7xx_hal_dma2d.o
LOAD build/stm32f7xx_hal_ltdc.o
LOAD build/stm32f7xx_hal_sdram.o
LOAD build/stm32f7xx_ll_fmc.o
LOAD build/timers.o
LOAD build/freertos.o
LOAD build/stm32f7xx_hal_gpio.o
LOAD build/stm32f7xx_ll_usb.o
LOAD build/stm32746g_discovery.o
LOAD build/stm32746g_discovery_eeprom.o
LOAD build/stm32746g_discovery_lcd.o
LOAD build/stm32746g_discovery_qspi.o
LOAD build/stm32746g_discovery_sdram.o
LOAD build/stm32746g_discovery_ts.o
LOAD build/ft5336.o
LOAD build/dbgu.o
LOAD build/term_io.o
LOAD build/main.o
LOAD build/startup_stm32f746xx.o
LOAD c:/gcc_toolchain/6_2017-q1-update/bin/../lib/gcc/arm-none-eabi/6.3.1/../../../../arm-none-eabi/lib/thumb/v7e-m/fpv5-sp/hard\libc_nano.a
LOAD c:/gcc_toolchain/6_2017-q1-update/bin/../lib/gcc/arm-none-eabi/6.3.1/../../../../arm-none-eabi/lib/thumb/v7e-m/fpv5-sp/hard\libm.a
LOAD c:/gcc_toolchain/6_2017-q1-update/bin/../lib/gcc/arm-none-eabi/6.3.1/../../../../arm-none-eabi/lib/thumb/v7e-m/fpv5-sp/hard\libnosys.a
START GROUP
LOAD c:/gcc_toolchain/6_2017-q1-update/bin/../lib/gcc/arm-none-eabi/6.3.1/thumb/v7e-m/fpv5-sp/hard\libgcc.a
LOAD c:/gcc_toolchain/6_2017-q1-update/bin/../lib/gcc/arm-none-eabi/6.3.1/../../../../arm-none-eabi/lib/thumb/v7e-m/fpv5-sp/hard\libc_nano.a
END GROUP
START GROUP
LOAD c:/gcc_toolchain/6_2017-q1-update/bin/../lib/gcc/arm-none-eabi/6.3.1/thumb/v7e-m/fpv5-sp/hard\libgcc.a
LOAD c:/gcc_toolchain/6_2017-q1-update/bin/../lib/gcc/arm-none-eabi/6.3.1/../../../../arm-none-eabi/lib/thumb/v7e-m/fpv5-sp/hard\libc_nano.a
END GROUP
LOAD c:/gcc_toolchain/6_2017-q1-update/bin/../lib/gcc/arm-none-eabi/6.3.1/thumb/v7e-m/fpv5-sp/hard/crtend.o
LOAD c:/gcc_toolchain/6_2017-q1-update/bin/../lib/gcc/arm-none-eabi/6.3.1/thumb/v7e-m/fpv5-sp/hard/crtn.o
                0x20050000                _estack = 0x20050000
                0x00000200                _Min_Heap_Size = 0x200
                0x00000400                _Min_Stack_Size = 0x400

.isr_vector     0x08000000      0x1c8
                0x08000000                . = ALIGN (0x4)
 *(.isr_vector)
 .isr_vector    0x08000000      0x1c8 build/startup_stm32f746xx.o
                0x08000000                g_pfnVectors
                0x080001c8                . = ALIGN (0x4)

.text           0x080001d0     0xc828
                0x080001d0                . = ALIGN (0x4)
 *(.text)
 .text          0x080001d0       0x6c c:/gcc_toolchain/6_2017-q1-update/bin/../lib/gcc/arm-none-eabi/6.3.1/thumb/v7e-m/fpv5-sp/hard/crtbegin.o
 .text          0x0800023c       0x30 c:/gcc_toolchain/6_2017-q1-update/bin/../lib/gcc/arm-none-eabi/6.3.1/thumb/v7e-m/fpv5-sp/hard\libgcc.a(_aeabi_uldivmod.o)
                0x0800023c                __aeabi_uldivmod
 .text          0x0800026c      0x2dc c:/gcc_toolchain/6_2017-q1-update/bin/../lib/gcc/arm-none-eabi/6.3.1/thumb/v7e-m/fpv5-sp/hard\libgcc.a(_udivmoddi4.o)
                0x0800026c                __udivmoddi4
 .text          0x08000548        0x4 c:/gcc_toolchain/6_2017-q1-update/bin/../lib/gcc/arm-none-eabi/6.3.1/thumb/v7e-m/fpv5-sp/hard\libgcc.a(_dvmd_tls.o)
                0x08000548                __aeabi_idiv0
                0x08000548                __aeabi_ldiv0
 *(.text*)
 .text.HAL_TIMEx_CommutationCallback
                0x0800054c        0x2 build/stm32f7xx_hal_tim_ex.o
                0x0800054c                HAL_TIMEx_CommutationCallback
 .text.HAL_TIMEx_BreakCallback
                0x0800054e        0x2 build/stm32f7xx_hal_tim_ex.o
                0x0800054e                HAL_TIMEx_BreakCallback
 .text.HAL_Init
                0x08000550       0x16 build/stm32f7xx_hal.o
                0x08000550                HAL_Init
 *fill*         0x08000566        0x2 
 .text.HAL_IncTick
                0x08000568       0x18 build/stm32f7xx_hal.o
                0x08000568                HAL_IncTick
 .text.HAL_GetTick
                0x08000580        0xc build/stm32f7xx_hal.o
                0x08000580                HAL_GetTick
 .text.HAL_Delay
                0x0800058c       0x28 build/stm32f7xx_hal.o
                0x0800058c                HAL_Delay
 .text.HAL_InitTick
                0x080005b4       0x7c build/stm32f7xx_hal_timebase_TIM.o
                0x080005b4                HAL_InitTick
 .text.HAL_NVIC_SetPriorityGrouping
                0x08000630       0x24 build/stm32f7xx_hal_cortex.o
                0x08000630                HAL_NVIC_SetPriorityGrouping
 .text.HAL_NVIC_SetPriority
                0x08000654       0x60 build/stm32f7xx_hal_cortex.o
                0x08000654                HAL_NVIC_SetPriority
 .text.HAL_NVIC_EnableIRQ
                0x080006b4       0x18 build/stm32f7xx_hal_cortex.o
                0x080006b4                HAL_NVIC_EnableIRQ
 .text.HAL_SYSTICK_Config
                0x080006cc       0x2c build/stm32f7xx_hal_cortex.o
                0x080006cc                HAL_SYSTICK_Config
 .text.HAL_SYSTICK_CLKSourceConfig
                0x080006f8       0x20 build/stm32f7xx_hal_cortex.o
                0x080006f8                HAL_SYSTICK_CLKSourceConfig
 .text.HAL_HCD_MspInit
                0x08000718       0x70 build/usbh_conf.o
                0x08000718                HAL_HCD_MspInit
 .text.HAL_HCD_SOF_Callback
                0x08000788        0xc build/usbh_conf.o
                0x08000788                HAL_HCD_SOF_Callback
 .text.HAL_HCD_Connect_Callback
                0x08000794        0xc build/usbh_conf.o
                0x08000794                HAL_HCD_Connect_Callback
 .text.HAL_HCD_Disconnect_Callback
                0x080007a0        0xc build/usbh_conf.o
                0x080007a0                HAL_HCD_Disconnect_Callback
 .text.HAL_HCD_HC_NotifyURBChange_Callback
                0x080007ac        0xc build/usbh_conf.o
                0x080007ac                HAL_HCD_HC_NotifyURBChange_Callback
 .text.USBH_LL_Init
                0x080007b8       0x5c build/usbh_conf.o
                0x080007b8                USBH_LL_Init
 .text.USBH_LL_Start
                0x08000814       0x1c build/usbh_conf.o
                0x08000814                USBH_LL_Start
 .text.USBH_LL_Stop
                0x08000830       0x1c build/usbh_conf.o
                0x08000830                USBH_LL_Stop
 .text.USBH_LL_GetSpeed
                0x0800084c       0x1c build/usbh_conf.o
                0x0800084c                USBH_LL_GetSpeed
 .text.USBH_LL_ResetPort
                0x08000868       0x1c build/usbh_conf.o
                0x08000868                USBH_LL_ResetPort
 .text.USBH_LL_GetLastXferSize
                0x08000884        0xc build/usbh_conf.o
                0x08000884                USBH_LL_GetLastXferSize
 .text.USBH_LL_OpenPipe
                0x08000890       0x32 build/usbh_conf.o
                0x08000890                USBH_LL_OpenPipe
 .text.USBH_LL_ClosePipe
                0x080008c2       0x1c build/usbh_conf.o
                0x080008c2                USBH_LL_ClosePipe
 .text.USBH_LL_SubmitURB
                0x080008de       0x36 build/usbh_conf.o
                0x080008de                USBH_LL_SubmitURB
 .text.USBH_LL_GetURBState
                0x08000914        0xc build/usbh_conf.o
                0x08000914                USBH_LL_GetURBState
 .text.USBH_LL_DriverVBUS
                0x08000920        0xc build/usbh_conf.o
                0x08000920                USBH_LL_DriverVBUS
 .text.USBH_LL_SetToggle
                0x0800092c       0x32 build/usbh_conf.o
                0x0800092c                USBH_LL_SetToggle
 .text.USBH_LL_GetToggle
                0x0800095e       0x2a build/usbh_conf.o
                0x0800095e                USBH_LL_GetToggle
 .text.USBH_Delay
                0x08000988        0x8 build/usbh_conf.o
                0x08000988                USBH_Delay
 .text.prvHeapInit
                0x08000990       0x64 build/heap_4.o
 .text.prvInsertBlockIntoFreeList
                0x080009f4       0x58 build/heap_4.o
 .text.pvPortMalloc
                0x08000a4c      0x114 build/heap_4.o
                0x08000a4c                pvPortMalloc
 .text.vPortFree
                0x08000b60       0x78 build/heap_4.o
                0x08000b60                vPortFree
 .text.HAL_PWREx_EnableOverDrive
                0x08000bd8       0x7c build/stm32f7xx_hal_pwr_ex.o
                0x08000bd8                HAL_PWREx_EnableOverDrive
 .text.HCD_RXQLVL_IRQHandler
                0x08000c54       0x7c build/stm32f7xx_hal_hcd.o
 .text.HAL_HCD_HC_Init
                0x08000cd0       0x78 build/stm32f7xx_hal_hcd.o
                0x08000cd0                HAL_HCD_HC_Init
 .text.HAL_HCD_HC_Halt
                0x08000d48       0x24 build/stm32f7xx_hal_hcd.o
                0x08000d48                HAL_HCD_HC_Halt
 .text.HAL_HCD_Init
                0x08000d6c       0x78 build/stm32f7xx_hal_hcd.o
                0x08000d6c                HAL_HCD_Init
 .text.HAL_HCD_HC_SubmitRequest
                0x08000de4      0x18c build/stm32f7xx_hal_hcd.o
                0x08000de4                HAL_HCD_HC_SubmitRequest
 .text.HCD_Port_IRQHandler
                0x08000f70       0xc8 build/stm32f7xx_hal_hcd.o
 .text.HCD_HC_IN_IRQHandler
                0x08001038      0x2d0 build/stm32f7xx_hal_hcd.o
 .text.HCD_HC_OUT_IRQHandler
                0x08001308      0x2bc build/stm32f7xx_hal_hcd.o
 .text.HAL_HCD_IRQHandler
                0x080015c4      0x142 build/stm32f7xx_hal_hcd.o
                0x080015c4                HAL_HCD_IRQHandler
 .text.HAL_HCD_Start
                0x08001706       0x2c build/stm32f7xx_hal_hcd.o
                0x08001706                HAL_HCD_Start
 .text.HAL_HCD_Stop
                0x08001732       0x24 build/stm32f7xx_hal_hcd.o
                0x08001732                HAL_HCD_Stop
 .text.HAL_HCD_ResetPort
                0x08001756        0xa build/stm32f7xx_hal_hcd.o
                0x08001756                HAL_HCD_ResetPort
 .text.HAL_HCD_HC_GetURBState
                0x08001760        0xe build/stm32f7xx_hal_hcd.o
                0x08001760                HAL_HCD_HC_GetURBState
 .text.HAL_HCD_HC_GetXferCount
                0x0800176e        0xc build/stm32f7xx_hal_hcd.o
                0x0800176e                HAL_HCD_HC_GetXferCount
 .text.HAL_HCD_GetCurrentFrame
                0x0800177a        0xa build/stm32f7xx_hal_hcd.o
                0x0800177a                HAL_HCD_GetCurrentFrame
 .text.HAL_HCD_GetCurrentSpeed
                0x08001784        0xa build/stm32f7xx_hal_hcd.o
                0x08001784                HAL_HCD_GetCurrentSpeed
 *fill*         0x0800178e        0x2 
 .text.HAL_RCC_OscConfig
                0x08001790      0x3d4 build/stm32f7xx_hal_rcc.o
                0x08001790                HAL_RCC_OscConfig
 .text.HAL_RCC_GetSysClockFreq
                0x08001b64       0xa4 build/stm32f7xx_hal_rcc.o
                0x08001b64                HAL_RCC_GetSysClockFreq
 .text.HAL_RCC_ClockConfig
                0x08001c08      0x164 build/stm32f7xx_hal_rcc.o
                0x08001c08                HAL_RCC_ClockConfig
 .text.HAL_RCC_GetHCLKFreq
                0x08001d6c        0xc build/stm32f7xx_hal_rcc.o
                0x08001d6c                HAL_RCC_GetHCLKFreq
 .text.HAL_RCC_GetPCLK1Freq
                0x08001d78       0x20 build/stm32f7xx_hal_rcc.o
                0x08001d78                HAL_RCC_GetPCLK1Freq
 .text.HAL_RCC_GetPCLK2Freq
                0x08001d98       0x20 build/stm32f7xx_hal_rcc.o
                0x08001d98                HAL_RCC_GetPCLK2Freq
 .text.HAL_RCC_GetClockConfig
                0x08001db8       0x3c build/stm32f7xx_hal_rcc.o
                0x08001db8                HAL_RCC_GetClockConfig
 .text.DMA_SetConfig
                0x08001df4       0x2c build/stm32f7xx_hal_dma.o
 .text.DMA_CalcBaseAndBitshift
                0x08001e20       0x38 build/stm32f7xx_hal_dma.o
 .text.DMA_CheckFifoParam
                0x08001e58       0x8e build/stm32f7xx_hal_dma.o
 *fill*         0x08001ee6        0x2 
 .text.HAL_DMA_Init
                0x08001ee8       0xd0 build/stm32f7xx_hal_dma.o
                0x08001ee8                HAL_DMA_Init
 .text.HAL_DMA_DeInit
                0x08001fb8       0x66 build/stm32f7xx_hal_dma.o
                0x08001fb8                HAL_DMA_DeInit
 .text.HAL_DMA_Start_IT
                0x0800201e       0x74 build/stm32f7xx_hal_dma.o
                0x0800201e                HAL_DMA_Start_IT
 .text.HAL_DMA_Abort_IT
                0x08002092       0x26 build/stm32f7xx_hal_dma.o
                0x08002092                HAL_DMA_Abort_IT
 .text.HAL_DMA_IRQHandler
                0x080020b8      0x1dc build/stm32f7xx_hal_dma.o
                0x080020b8                HAL_DMA_IRQHandler
 .text.HAL_DMA_GetError
                0x08002294        0x4 build/stm32f7xx_hal_dma.o
                0x08002294                HAL_DMA_GetError
 .text.USBH_ParseDevDesc
                0x08002298       0x5c build/usbh_ctlreq.o
 .text.USBH_ParseInterfaceDesc
                0x080022f4       0x26 build/usbh_ctlreq.o
 .text.USBH_ParseEPDesc
                0x0800231a       0x20 build/usbh_ctlreq.o
 .text.USBH_ParseStringDesc
                0x0800233a       0x34 build/usbh_ctlreq.o
 .text.USBH_HandleControl
                0x0800236e      0x288 build/usbh_ctlreq.o
 .text.USBH_GetNextDesc
                0x080025f6        0xe build/usbh_ctlreq.o
                0x080025f6                USBH_GetNextDesc
 .text.USBH_ParseCfgDesc
                0x08002604       0xc8 build/usbh_ctlreq.o
 .text.USBH_CtlReq
                0x080026cc       0x4a build/usbh_ctlreq.o
                0x080026cc                USBH_CtlReq
 .text.USBH_GetDescriptor
                0x08002716       0x3c build/usbh_ctlreq.o
                0x08002716                USBH_GetDescriptor
 .text.USBH_Get_DevDesc
                0x08002752       0x32 build/usbh_ctlreq.o
                0x08002752                USBH_Get_DevDesc
 .text.USBH_Get_CfgDesc
                0x08002784       0x32 build/usbh_ctlreq.o
                0x08002784                USBH_Get_CfgDesc
 .text.USBH_Get_StringDesc
                0x080027b6       0x30 build/usbh_ctlreq.o
                0x080027b6                USBH_Get_StringDesc
 .text.USBH_SetAddress
                0x080027e6       0x22 build/usbh_ctlreq.o
                0x080027e6                USBH_SetAddress
 .text.USBH_SetCfg
                0x08002808       0x22 build/usbh_ctlreq.o
                0x08002808                USBH_SetCfg
 .text.USBH_ClrFeature
                0x0800282a       0x24 build/usbh_ctlreq.o
                0x0800282a                USBH_ClrFeature
 .text.HAL_CRCEx_Polynomial_Set
                0x0800284e       0x56 build/stm32f7xx_hal_crc_ex.o
                0x0800284e                HAL_CRCEx_Polynomial_Set
 .text.vListInitialise
                0x080028a4       0x16 build/list.o
                0x080028a4                vListInitialise
 .text.vListInitialiseItem
                0x080028ba        0x6 build/list.o
                0x080028ba                vListInitialiseItem
 .text.vListInsertEnd
                0x080028c0       0x18 build/list.o
                0x080028c0                vListInsertEnd
 .text.vListInsert
                0x080028d8       0x34 build/list.o
                0x080028d8                vListInsert
 .text.uxListRemove
                0x0800290c       0x26 build/list.o
                0x0800290c                uxListRemove
 *fill*         0x08002932        0x2 
 .text.ADC_Init
                0x08002934      0x130 build/stm32f7xx_hal_adc.o
 .text.HAL_ADC_Init
                0x08002a64       0x54 build/stm32f7xx_hal_adc.o
                0x08002a64                HAL_ADC_Init
 .text.HAL_ADC_ConfigChannel
                0x08002ab8      0x1ac build/stm32f7xx_hal_adc.o
                0x08002ab8                HAL_ADC_ConfigChannel
 .text.HAL_TIM_Base_Start_IT
                0x08002c64       0x18 build/stm32f7xx_hal_tim.o
                0x08002c64                HAL_TIM_Base_Start_IT
 .text.HAL_TIM_OC_DelayElapsedCallback
                0x08002c7c        0x2 build/stm32f7xx_hal_tim.o
                0x08002c7c                HAL_TIM_OC_DelayElapsedCallback
 .text.HAL_TIM_IC_CaptureCallback
                0x08002c7e        0x2 build/stm32f7xx_hal_tim.o
                0x08002c7e                HAL_TIM_IC_CaptureCallback
 .text.HAL_TIM_PWM_PulseFinishedCallback
                0x08002c80        0x2 build/stm32f7xx_hal_tim.o
                0x08002c80                HAL_TIM_PWM_PulseFinishedCallback
 .text.HAL_TIM_TriggerCallback
                0x08002c82        0x2 build/stm32f7xx_hal_tim.o
                0x08002c82                HAL_TIM_TriggerCallback
 .text.HAL_TIM_IRQHandler
                0x08002c84      0x19a build/stm32f7xx_hal_tim.o
                0x08002c84                HAL_TIM_IRQHandler
 *fill*         0x08002e1e        0x2 
 .text.TIM_Base_SetConfig
                0x08002e20      0x140 build/stm32f7xx_hal_tim.o
                0x08002e20                TIM_Base_SetConfig
 .text.HAL_TIM_Base_Init
                0x08002f60       0x32 build/stm32f7xx_hal_tim.o
                0x08002f60                HAL_TIM_Base_Init
 .text.USBH_initialize
                0x08002f92        0x4 build/usbh_diskio.o
                0x08002f92                USBH_initialize
 *fill*         0x08002f96        0x2 
 .text.USBH_status
                0x08002f98       0x18 build/usbh_diskio.o
                0x08002f98                USBH_status
 .text.USBH_read
                0x08002fb0       0x40 build/usbh_diskio.o
                0x08002fb0                USBH_read
 .text.USBH_ioctl
                0x08002ff0       0x68 build/usbh_diskio.o
                0x08002ff0                USBH_ioctl
 .text.USBH_write
                0x08003058       0x4c build/usbh_diskio.o
                0x08003058                USBH_write
 .text.BSP_SD_ReadBlocks_DMA
                0x080030a4       0x18 build/bsp_driver_sd.o
                0x080030a4                BSP_SD_ReadBlocks_DMA
 .text.BSP_SD_WriteBlocks_DMA
                0x080030bc       0x18 build/bsp_driver_sd.o
                0x080030bc                BSP_SD_WriteBlocks_DMA
 .text.BSP_SD_GetCardState
                0x080030d4       0x14 build/bsp_driver_sd.o
                0x080030d4                BSP_SD_GetCardState
 .text.BSP_SD_GetCardInfo
                0x080030e8       0x10 build/bsp_driver_sd.o
                0x080030e8                BSP_SD_GetCardInfo
 .text.BSP_SD_IsDetected
                0x080030f8       0x10 build/bsp_driver_sd.o
                0x080030f8                BSP_SD_IsDetected
 .text.BSP_SD_Init
                0x08003108       0x34 build/bsp_driver_sd.o
                0x08003108                BSP_SD_Init
 .text.prvTaskExitError
                0x0800313c       0x3c build/port.o
 .text.prvPortStartFirstTask
                0x08003178       0x20 build/port.o
 .text.vPortEnableVFP
                0x08003198       0x14 build/port.o
 .text.pxPortInitialiseStack
                0x080031ac       0x2c build/port.o
                0x080031ac                pxPortInitialiseStack
 *fill*         0x080031d8        0x8 
 .text.SVC_Handler
                0x080031e0       0x24 build/port.o
                0x080031e0                SVC_Handler
 .text.vPortEnterCritical
                0x08003204       0x4c build/port.o
                0x08003204                vPortEnterCritical
 .text.vPortExitCritical
                0x08003250       0x30 build/port.o
                0x08003250                vPortExitCritical
 .text.PendSV_Handler
                0x08003280       0x64 build/port.o
                0x08003280                PendSV_Handler
 .text.xPortSysTickHandler
                0x080032e4       0x30 build/port.o
                0x080032e4                xPortSysTickHandler
 .text.vPortSetupTimerInterrupt
                0x08003314       0x2c build/port.o
                0x08003314                vPortSetupTimerInterrupt
 .text.xPortStartScheduler
                0x08003340       0xa8 build/port.o
                0x08003340                xPortStartScheduler
 .text.vPortValidateInterruptPriority
                0x080033e8       0x64 build/port.o
                0x080033e8                vPortValidateInterruptPriority
 .text.USBH_CtlSendSetup
                0x0800344c       0x22 build/usbh_ioreq.o
                0x0800344c                USBH_CtlSendSetup
 .text.USBH_CtlSendData
                0x0800346e       0x2c build/usbh_ioreq.o
                0x0800346e                USBH_CtlSendData
 .text.USBH_CtlReceiveData
                0x0800349a       0x20 build/usbh_ioreq.o
                0x0800349a                USBH_CtlReceiveData
 .text.USBH_BulkSendData
                0x080034ba       0x2c build/usbh_ioreq.o
                0x080034ba                USBH_BulkSendData
 .text.USBH_BulkReceiveData
                0x080034e6       0x20 build/usbh_ioreq.o
                0x080034e6                USBH_BulkReceiveData
 *fill*         0x08003506        0x2 
 .text.USBH_MSC_DecodeCSW
                0x08003508       0x50 build/usbh_msc_bot.o
 .text.USBH_MSC_BOT_Abort
                0x08003558       0x22 build/usbh_msc_bot.o
 .text.USBH_MSC_BOT_REQ_Reset
                0x0800357a       0x1a build/usbh_msc_bot.o
                0x0800357a                USBH_MSC_BOT_REQ_Reset
 .text.USBH_MSC_BOT_REQ_GetMaxLUN
                0x08003594       0x1a build/usbh_msc_bot.o
                0x08003594                USBH_MSC_BOT_REQ_GetMaxLUN
 *fill*         0x080035ae        0x2 
 .text.USBH_MSC_BOT_Init
                0x080035b0       0x24 build/usbh_msc_bot.o
                0x080035b0                USBH_MSC_BOT_Init
 .text.USBH_MSC_BOT_Process
                0x080035d4      0x2d2 build/usbh_msc_bot.o
                0x080035d4                USBH_MSC_BOT_Process
 .text.USBH_GetFreePipe
                0x080038a6       0x26 build/usbh_pipes.o
 .text.USBH_OpenPipe
                0x080038cc       0x20 build/usbh_pipes.o
                0x080038cc                USBH_OpenPipe
 .text.USBH_ClosePipe
                0x080038ec        0xa build/usbh_pipes.o
                0x080038ec                USBH_ClosePipe
 .text.USBH_AllocPipe
                0x080038f6       0x24 build/usbh_pipes.o
                0x080038f6                USBH_AllocPipe
 .text.USBH_FreePipe
                0x0800391a       0x16 build/usbh_pipes.o
                0x0800391a                USBH_FreePipe
 .text.SDMMC_GetCmdError
                0x08003930       0x3c build/stm32f7xx_ll_sdmmc.o
 .text.SDMMC_GetCmdResp2
                0x0800396c       0x5c build/stm32f7xx_ll_sdmmc.o
 .text.SDMMC_GetCmdResp3
                0x080039c8       0x4c build/stm32f7xx_ll_sdmmc.o
 .text.SDMMC_GetCmdResp7
                0x08003a14       0x54 build/stm32f7xx_ll_sdmmc.o
 .text.SDMMC_Init
                0x08003a68       0x38 build/stm32f7xx_ll_sdmmc.o
                0x08003a68                SDMMC_Init
 .text.SDMMC_ReadFIFO
                0x08003aa0        0x6 build/stm32f7xx_ll_sdmmc.o
                0x08003aa0                SDMMC_ReadFIFO
 .text.SDMMC_PowerState_ON
                0x08003aa6        0x8 build/stm32f7xx_ll_sdmmc.o
                0x08003aa6                SDMMC_PowerState_ON
 .text.SDMMC_GetPowerState
                0x08003aae        0x8 build/stm32f7xx_ll_sdmmc.o
                0x08003aae                SDMMC_GetPowerState
 *fill*         0x08003ab6        0x2 
 .text.SDMMC_SendCommand
                0x08003ab8       0x24 build/stm32f7xx_ll_sdmmc.o
                0x08003ab8                SDMMC_SendCommand
 .text.SDMMC_GetCommandResponse
                0x08003adc        0x6 build/stm32f7xx_ll_sdmmc.o
                0x08003adc                SDMMC_GetCommandResponse
 .text.SDMMC_GetResponse
                0x08003ae2       0x14 build/stm32f7xx_ll_sdmmc.o
                0x08003ae2                SDMMC_GetResponse
 *fill*         0x08003af6        0x2 
 .text.SDMMC_GetCmdResp1
                0x08003af8      0x158 build/stm32f7xx_ll_sdmmc.o
 .text.SDMMC_GetCmdResp6
                0x08003c50       0xa0 build/stm32f7xx_ll_sdmmc.o
 .text.SDMMC_ConfigData
                0x08003cf0       0x24 build/stm32f7xx_ll_sdmmc.o
                0x08003cf0                SDMMC_ConfigData
 .text.SDMMC_CmdBlockLength
                0x08003d14       0x30 build/stm32f7xx_ll_sdmmc.o
                0x08003d14                SDMMC_CmdBlockLength
 .text.SDMMC_CmdReadSingleBlock
                0x08003d44       0x30 build/stm32f7xx_ll_sdmmc.o
                0x08003d44                SDMMC_CmdReadSingleBlock
 .text.SDMMC_CmdReadMultiBlock
                0x08003d74       0x30 build/stm32f7xx_ll_sdmmc.o
                0x08003d74                SDMMC_CmdReadMultiBlock
 .text.SDMMC_CmdWriteSingleBlock
                0x08003da4       0x30 build/stm32f7xx_ll_sdmmc.o
                0x08003da4                SDMMC_CmdWriteSingleBlock
 .text.SDMMC_CmdWriteMultiBlock
                0x08003dd4       0x30 build/stm32f7xx_ll_sdmmc.o
                0x08003dd4                SDMMC_CmdWriteMultiBlock
 .text.SDMMC_CmdStopTransfer
                0x08003e04       0x34 build/stm32f7xx_ll_sdmmc.o
                0x08003e04                SDMMC_CmdStopTransfer
 .text.SDMMC_CmdSelDesel
                0x08003e38       0x30 build/stm32f7xx_ll_sdmmc.o
                0x08003e38                SDMMC_CmdSelDesel
 .text.SDMMC_CmdGoIdleState
                0x08003e68       0x26 build/stm32f7xx_ll_sdmmc.o
                0x08003e68                SDMMC_CmdGoIdleState
 .text.SDMMC_CmdOperCond
                0x08003e8e       0x2e build/stm32f7xx_ll_sdmmc.o
                0x08003e8e                SDMMC_CmdOperCond
 .text.SDMMC_CmdAppCommand
                0x08003ebc       0x30 build/stm32f7xx_ll_sdmmc.o
                0x08003ebc                SDMMC_CmdAppCommand
 .text.SDMMC_CmdAppOperCommand
                0x08003eec       0x34 build/stm32f7xx_ll_sdmmc.o
                0x08003eec                SDMMC_CmdAppOperCommand
 .text.SDMMC_CmdBusWidth
                0x08003f20       0x30 build/stm32f7xx_ll_sdmmc.o
                0x08003f20                SDMMC_CmdBusWidth
 .text.SDMMC_CmdSendSCR
                0x08003f50       0x30 build/stm32f7xx_ll_sdmmc.o
                0x08003f50                SDMMC_CmdSendSCR
 .text.SDMMC_CmdSendCID
                0x08003f80       0x2a build/stm32f7xx_ll_sdmmc.o
                0x08003f80                SDMMC_CmdSendCID
 .text.SDMMC_CmdSendCSD
                0x08003faa       0x2a build/stm32f7xx_ll_sdmmc.o
                0x08003faa                SDMMC_CmdSendCSD
 .text.SDMMC_CmdSetRelAdd
                0x08003fd4       0x30 build/stm32f7xx_ll_sdmmc.o
                0x08003fd4                SDMMC_CmdSetRelAdd
 .text.SDMMC_CmdSendStatus
                0x08004004       0x30 build/stm32f7xx_ll_sdmmc.o
                0x08004004                SDMMC_CmdSendStatus
 .text.HAL_MspInit
                0x08004034       0x5e build/stm32f7xx_hal_msp.o
                0x08004034                HAL_MspInit
 *fill*         0x08004092        0x2 
 .text.HAL_ADC_MspInit
                0x08004094       0x5c build/stm32f7xx_hal_msp.o
                0x08004094                HAL_ADC_MspInit
 .text.HAL_CRC_MspInit
                0x080040f0       0x2c build/stm32f7xx_hal_msp.o
                0x080040f0                HAL_CRC_MspInit
 .text.HAL_DMA2D_MspInit
                0x0800411c       0x2c build/stm32f7xx_hal_msp.o
                0x0800411c                HAL_DMA2D_MspInit
 .text.HAL_RNG_MspInit
                0x08004148       0x2c build/stm32f7xx_hal_msp.o
                0x08004148                HAL_RNG_MspInit
 .text.HAL_RTC_MspInit
                0x08004174       0x20 build/stm32f7xx_hal_msp.o
                0x08004174                HAL_RTC_MspInit
 .text.HAL_SD_MspInit
                0x08004194       0x68 build/stm32f7xx_hal_msp.o
                0x08004194                HAL_SD_MspInit
 .text.HAL_TIM_Base_MspInit
                0x080041fc       0x2c build/stm32f7xx_hal_msp.o
                0x080041fc                HAL_TIM_Base_MspInit
 .text.HAL_UART_MspInit
                0x08004228      0x14c build/stm32f7xx_hal_msp.o
                0x08004228                HAL_UART_MspInit
 .text.SD_CheckStatus
                0x08004374       0x24 build/sd_diskio.o
 .text.SD_initialize
                0x08004398       0x5c build/sd_diskio.o
                0x08004398                SD_initialize
 .text.SD_status
                0x080043f4        0x8 build/sd_diskio.o
                0x080043f4                SD_status
 .text.SD_read  0x080043fc       0x60 build/sd_diskio.o
                0x080043fc                SD_read
 .text.SD_write
                0x0800445c       0x60 build/sd_diskio.o
                0x0800445c                SD_write
 .text.SD_ioctl
                0x080044bc       0x5c build/sd_diskio.o
                0x080044bc                SD_ioctl
 .text.makeFreeRtosPriority
                0x08004518        0xc build/cmsis_os.o
 .text.inHandlerMode
                0x08004524        0xc build/cmsis_os.o
 .text.osKernelRunning
                0x08004530       0x12 build/cmsis_os.o
                0x08004530                osKernelRunning
 .text.osKernelSysTick
                0x08004542       0x14 build/cmsis_os.o
                0x08004542                osKernelSysTick
 .text.osThreadCreate
                0x08004556       0x34 build/cmsis_os.o
                0x08004556                osThreadCreate
 .text.osMessageCreate
                0x0800458a        0xe build/cmsis_os.o
                0x0800458a                osMessageCreate
 .text.osMessagePut
                0x08004598       0x68 build/cmsis_os.o
                0x08004598                osMessagePut
 .text.osMessageGet
                0x08004600       0xa0 build/cmsis_os.o
                0x08004600                osMessageGet
 .text.osSystickHandler
                0x080046a0       0x10 build/cmsis_os.o
                0x080046a0                osSystickHandler
 .text.prvIsQueueFull
                0x080046b0       0x1e build/queue.o
 .text.prvIsQueueEmpty
                0x080046ce       0x1a build/queue.o
 .text.prvCopyDataToQueue
                0x080046e8       0x76 build/queue.o
 .text.prvCopyDataFromQueue
                0x0800475e       0x24 build/queue.o
 .text.prvUnlockQueue
                0x08004782       0x6e build/queue.o
 .text.xQueueGenericReset
                0x080047f0       0x84 build/queue.o
                0x080047f0                xQueueGenericReset
 .text.prvInitialiseNewQueue
                0x08004874       0x1c build/queue.o
 .text.xQueueGenericCreate
                0x08004890       0x4c build/queue.o
                0x08004890                xQueueGenericCreate
 .text.xQueueGenericSend
                0x080048dc      0x198 build/queue.o
                0x080048dc                xQueueGenericSend
 .text.xQueueGenericSendFromISR
                0x08004a74       0xee build/queue.o
                0x08004a74                xQueueGenericSendFromISR
 *fill*         0x08004b62        0x2 
 .text.xQueueGenericReceive
                0x08004b64      0x1bc build/queue.o
                0x08004b64                xQueueGenericReceive
 .text.xQueueReceiveFromISR
                0x08004d20       0xc2 build/queue.o
                0x08004d20                xQueueReceiveFromISR
 *fill*         0x08004de2        0x2 
 .text.USBH_UserProcess
                0x08004de4       0x2c build/usb_host.o
 .text.MX_USB_HOST_Init
                0x08004e10       0x2c build/usb_host.o
                0x08004e10                MX_USB_HOST_Init
 .text.HAL_RCCEx_PeriphCLKConfig
                0x08004e3c      0x5ac build/stm32f7xx_hal_rcc_ex.o
                0x08004e3c                HAL_RCCEx_PeriphCLKConfig
 .text.SD_DMATransmitCplt
                0x080053e8        0xe build/stm32f7xx_hal_sd.o
 .text.SD_PowerON
                0x080053f6       0xd4 build/stm32f7xx_hal_sd.o
 .text.SD_FindSCR
                0x080054ca      0x106 build/stm32f7xx_hal_sd.o
 .text.SD_WideBus_Enable
                0x080055d0       0x5a build/stm32f7xx_hal_sd.o
 .text.SD_WideBus_Disable
                0x0800562a       0x5a build/stm32f7xx_hal_sd.o
 .text.SD_SendStatus
                0x08005684       0x2a build/stm32f7xx_hal_sd.o
 *fill*         0x080056ae        0x2 
 .text.HAL_SD_ReadBlocks_DMA
                0x080056b0      0x110 build/stm32f7xx_hal_sd.o
                0x080056b0                HAL_SD_ReadBlocks_DMA
 .text.HAL_SD_WriteBlocks_DMA
                0x080057c0      0x110 build/stm32f7xx_hal_sd.o
                0x080057c0                HAL_SD_WriteBlocks_DMA
 .text.HAL_SD_RxCpltCallback
                0x080058d0        0x2 build/stm32f7xx_hal_sd.o
                0x080058d0                HAL_SD_RxCpltCallback
 .text.HAL_SD_ErrorCallback
                0x080058d2        0x2 build/stm32f7xx_hal_sd.o
                0x080058d2                HAL_SD_ErrorCallback
 .text.SD_DMAReceiveCplt
                0x080058d4       0x44 build/stm32f7xx_hal_sd.o
 .text.HAL_SD_GetCardCSD
                0x08005918      0x1e4 build/stm32f7xx_hal_sd.o
                0x08005918                HAL_SD_GetCardCSD
 .text.SD_InitCard
                0x08005afc       0xf4 build/stm32f7xx_hal_sd.o
 .text.HAL_SD_InitCard
                0x08005bf0       0x80 build/stm32f7xx_hal_sd.o
                0x08005bf0                HAL_SD_InitCard
 .text.HAL_SD_Init
                0x08005c70       0x32 build/stm32f7xx_hal_sd.o
                0x08005c70                HAL_SD_Init
 .text.HAL_SD_GetCardInfo
                0x08005ca2       0x24 build/stm32f7xx_hal_sd.o
                0x08005ca2                HAL_SD_GetCardInfo
 .text.HAL_SD_ConfigWideBusOperation
                0x08005cc6       0xa0 build/stm32f7xx_hal_sd.o
                0x08005cc6                HAL_SD_ConfigWideBusOperation
 .text.HAL_SD_GetCardState
                0x08005d66       0x26 build/stm32f7xx_hal_sd.o
                0x08005d66                HAL_SD_GetCardState
 .text.SD_DMAError
                0x08005d8c       0x62 build/stm32f7xx_hal_sd.o
 *fill*         0x08005dee        0x2 
 .text.MX_FATFS_Init
                0x08005df0       0x34 build/fatfs.o
                0x08005df0                MX_FATFS_Init
 .text.I2C_Flush_TXDR
                0x08005e24       0x22 build/stm32f7xx_hal_i2c.o
 .text.I2C_TransferConfig
                0x08005e46       0x36 build/stm32f7xx_hal_i2c.o
 .text.I2C_IsAcknowledgeFailed
                0x08005e7c       0x82 build/stm32f7xx_hal_i2c.o
 .text.I2C_WaitOnTXISFlagUntilTimeout
                0x08005efe       0x54 build/stm32f7xx_hal_i2c.o
 .text.I2C_WaitOnFlagUntilTimeout
                0x08005f52       0x48 build/stm32f7xx_hal_i2c.o
 *fill*         0x08005f9a        0x2 
 .text.I2C_RequestMemoryWrite
                0x08005f9c       0x88 build/stm32f7xx_hal_i2c.o
 .text.I2C_RequestMemoryRead
                0x08006024       0x84 build/stm32f7xx_hal_i2c.o
 .text.I2C_WaitOnSTOPFlagUntilTimeout
                0x080060a8       0x4e build/stm32f7xx_hal_i2c.o
 .text.HAL_I2C_MspInit
                0x080060f6        0x2 build/stm32f7xx_hal_i2c.o
                0x080060f6                HAL_I2C_MspInit
 .text.HAL_I2C_Init
                0x080060f8       0xbc build/stm32f7xx_hal_i2c.o
                0x080060f8                HAL_I2C_Init
 .text.HAL_I2C_MspDeInit
                0x080061b4        0x2 build/stm32f7xx_hal_i2c.o
                0x080061b4                HAL_I2C_MspDeInit
 .text.HAL_I2C_DeInit
                0x080061b6       0x32 build/stm32f7xx_hal_i2c.o
                0x080061b6                HAL_I2C_DeInit
 .text.HAL_I2C_Mem_Write
                0x080061e8      0x1c4 build/stm32f7xx_hal_i2c.o
                0x080061e8                HAL_I2C_Mem_Write
 .text.HAL_I2C_Mem_Read
                0x080063ac      0x1c4 build/stm32f7xx_hal_i2c.o
                0x080063ac                HAL_I2C_Mem_Read
 .text.HAL_I2C_GetState
                0x08006570        0x6 build/stm32f7xx_hal_i2c.o
                0x08006570                HAL_I2C_GetState
 *fill*         0x08006576        0x2 
 .text.SystemInit
                0x08006578       0x50 build/system_stm32f7xx.o
                0x08006578                SystemInit
 .text.USBH_MSC_SOFProcess
                0x080065c8        0x4 build/usbh_msc.o
 .text.USBH_MSC_Process
                0x080065cc      0x2a2 build/usbh_msc.o
 .text.USBH_MSC_ClassRequest
                0x0800686e       0x64 build/usbh_msc.o
 .text.USBH_MSC_InterfaceDeInit
                0x080068d2       0x50 build/usbh_msc.o
 .text.USBH_MSC_InterfaceInit
                0x08006922      0x12e build/usbh_msc.o
 .text.USBH_MSC_RdWrProcess
                0x08006a50      0x124 build/usbh_msc.o
 .text.USBH_MSC_UnitIsReady
                0x08006b74       0x24 build/usbh_msc.o
                0x08006b74                USBH_MSC_UnitIsReady
 .text.USBH_MSC_GetLUNInfo
                0x08006b98       0x44 build/usbh_msc.o
                0x08006b98                USBH_MSC_GetLUNInfo
 .text.USBH_MSC_Read
                0x08006bdc       0x92 build/usbh_msc.o
                0x08006bdc                USBH_MSC_Read
 .text.USBH_MSC_Write
                0x08006c6e       0x92 build/usbh_msc.o
                0x08006c6e                USBH_MSC_Write
 .text.DeInitStateMachine
                0x08006d00       0x4c build/usbh_core.o
 .text.USBH_HandleSof
                0x08006d4c       0x1a build/usbh_core.o
 .text.USBH_HandleEnum
                0x08006d66      0x1a2 build/usbh_core.o
 .text.USBH_Init
                0x08006f08       0x68 build/usbh_core.o
                0x08006f08                USBH_Init
 .text.USBH_RegisterClass
                0x08006f70       0x22 build/usbh_core.o
                0x08006f70                USBH_RegisterClass
 .text.USBH_SelectInterface
                0x08006f92       0x14 build/usbh_core.o
                0x08006f92                USBH_SelectInterface
 .text.USBH_FindInterface
                0x08006fa6       0x52 build/usbh_core.o
                0x08006fa6                USBH_FindInterface
 .text.USBH_Start
                0x08006ff8       0x14 build/usbh_core.o
                0x08006ff8                USBH_Start
 .text.USBH_Process
                0x0800700c      0x1ce build/usbh_core.o
                0x0800700c                USBH_Process
 .text.USBH_Process_OS
                0x080071da       0x22 build/usbh_core.o
 .text.USBH_LL_SetTimer
                0x080071fc        0x6 build/usbh_core.o
                0x080071fc                USBH_LL_SetTimer
 .text.USBH_LL_IncTimer
                0x08007202       0x12 build/usbh_core.o
                0x08007202                USBH_LL_IncTimer
 .text.USBH_LL_Connect
                0x08007214       0x36 build/usbh_core.o
                0x08007214                USBH_LL_Connect
 .text.USBH_LL_Disconnect
                0x0800724a       0x44 build/usbh_core.o
                0x0800724a                USBH_LL_Disconnect
 .text.USBH_LL_NotifyURBChange
                0x0800728e       0x12 build/usbh_core.o
                0x0800728e                USBH_LL_NotifyURBChange
 .text.HAL_CRC_Init
                0x080072a0       0x80 build/stm32f7xx_hal_crc.o
                0x080072a0                HAL_CRC_Init
 .text.UART_Transmit_IT
                0x08007320       0x6e build/stm32f7xx_hal_uart.o
 .text.UART_EndRxTransfer
                0x0800738e       0x1c build/stm32f7xx_hal_uart.o
 .text.UART_WaitOnFlagUntilTimeout
                0x080073aa       0x64 build/stm32f7xx_hal_uart.o
                0x080073aa                UART_WaitOnFlagUntilTimeout
 .text.HAL_UART_TxCpltCallback
                0x0800740e        0x2 build/stm32f7xx_hal_uart.o
                0x0800740e                HAL_UART_TxCpltCallback
 .text.UART_EndTransmit_IT
                0x08007410       0x1a build/stm32f7xx_hal_uart.o
 .text.HAL_UART_RxCpltCallback
                0x0800742a        0x2 build/stm32f7xx_hal_uart.o
                0x0800742a                HAL_UART_RxCpltCallback
 .text.UART_Receive_IT
                0x0800742c       0x84 build/stm32f7xx_hal_uart.o
 .text.HAL_UART_ErrorCallback
                0x080074b0        0x2 build/stm32f7xx_hal_uart.o
                0x080074b0                HAL_UART_ErrorCallback
 *fill*         0x080074b2        0x2 
 .text.HAL_UART_IRQHandler
                0x080074b4      0x138 build/stm32f7xx_hal_uart.o
                0x080074b4                HAL_UART_IRQHandler
 .text.UART_DMAAbortOnError
                0x080075ec       0x14 build/stm32f7xx_hal_uart.o
 .text.UART_SetConfig
                0x08007600      0x360 build/stm32f7xx_hal_uart.o
                0x08007600                UART_SetConfig
 .text.UART_AdvFeatureConfig
                0x08007960       0xca build/stm32f7xx_hal_uart.o
                0x08007960                UART_AdvFeatureConfig
 .text.UART_CheckIdleState
                0x08007a2a       0x48 build/stm32f7xx_hal_uart.o
                0x08007a2a                UART_CheckIdleState
 .text.HAL_UART_Init
                0x08007a72       0x68 build/stm32f7xx_hal_uart.o
                0x08007a72                HAL_UART_Init
 .text.HAL_RNG_Init
                0x08007ada       0x2c build/stm32f7xx_hal_rng.o
                0x08007ada                HAL_RNG_Init
 .text.HAL_RTC_WaitForSynchro
                0x08007b06       0x32 build/stm32f7xx_hal_rtc.o
                0x08007b06                HAL_RTC_WaitForSynchro
 .text.RTC_EnterInitMode
                0x08007b38       0x3c build/stm32f7xx_hal_rtc.o
                0x08007b38                RTC_EnterInitMode
 .text.HAL_RTC_Init
                0x08007b74       0xa4 build/stm32f7xx_hal_rtc.o
                0x08007b74                HAL_RTC_Init
 .text.RTC_ByteToBcd2
                0x08007c18       0x16 build/stm32f7xx_hal_rtc.o
                0x08007c18                RTC_ByteToBcd2
 *fill*         0x08007c2e        0x2 
 .text.HAL_RTC_SetDate
                0x08007c30       0xdc build/stm32f7xx_hal_rtc.o
                0x08007c30                HAL_RTC_SetDate
 .text.HAL_RTC_SetTime
                0x08007d0c      0x100 build/stm32f7xx_hal_rtc.o
                0x08007d0c                HAL_RTC_SetTime
 .text.USBH_MSC_SCSI_TestUnitReady
                0x08007e0c       0x4e build/usbh_msc_scsi.o
                0x08007e0c                USBH_MSC_SCSI_TestUnitReady
 .text.USBH_MSC_SCSI_ReadCapacity
                0x08007e5a       0x8e build/usbh_msc_scsi.o
                0x08007e5a                USBH_MSC_SCSI_ReadCapacity
 .text.USBH_MSC_SCSI_Inquiry
                0x08007ee8       0xd0 build/usbh_msc_scsi.o
                0x08007ee8                USBH_MSC_SCSI_Inquiry
 .text.USBH_MSC_SCSI_RequestSense
                0x08007fb8       0x94 build/usbh_msc_scsi.o
                0x08007fb8                USBH_MSC_SCSI_RequestSense
 .text.USBH_MSC_SCSI_Write
                0x0800804c       0x8e build/usbh_msc_scsi.o
                0x0800804c                USBH_MSC_SCSI_Write
 .text.USBH_MSC_SCSI_Read
                0x080080da       0x90 build/usbh_msc_scsi.o
                0x080080da                USBH_MSC_SCSI_Read
 .text.NMI_Handler
                0x0800816a        0x2 build/stm32f7xx_it.o
                0x0800816a                NMI_Handler
 .text.HardFault_Handler
                0x0800816c        0x2 build/stm32f7xx_it.o
                0x0800816c                HardFault_Handler
 .text.MemManage_Handler
                0x0800816e        0x2 build/stm32f7xx_it.o
                0x0800816e                MemManage_Handler
 .text.BusFault_Handler
                0x08008170        0x2 build/stm32f7xx_it.o
                0x08008170                BusFault_Handler
 .text.UsageFault_Handler
                0x08008172        0x2 build/stm32f7xx_it.o
                0x08008172                UsageFault_Handler
 .text.DebugMon_Handler
                0x08008174        0x2 build/stm32f7xx_it.o
                0x08008174                DebugMon_Handler
 .text.SysTick_Handler
                0x08008176        0x8 build/stm32f7xx_it.o
                0x08008176                SysTick_Handler
 *fill*         0x0800817e        0x2 
 .text.USART1_IRQHandler
                0x08008180       0x10 build/stm32f7xx_it.o
                0x08008180                USART1_IRQHandler
 .text.TIM7_IRQHandler
                0x08008190       0x10 build/stm32f7xx_it.o
                0x08008190                TIM7_IRQHandler
 .text.DMA2_Stream1_IRQHandler
                0x080081a0       0x10 build/stm32f7xx_it.o
                0x080081a0                DMA2_Stream1_IRQHandler
 .text.DMA2_Stream2_IRQHandler
                0x080081b0       0x10 build/stm32f7xx_it.o
                0x080081b0                DMA2_Stream2_IRQHandler
 .text.OTG_FS_IRQHandler
                0x080081c0       0x10 build/stm32f7xx_it.o
                0x080081c0                OTG_FS_IRQHandler
 .text.USART6_IRQHandler
                0x080081d0       0x10 build/stm32f7xx_it.o
                0x080081d0                USART6_IRQHandler
 .text.FATFS_LinkDriverEx
                0x080081e0       0x4c build/ff_gen_drv.o
                0x080081e0                FATFS_LinkDriverEx
 .text.FATFS_LinkDriver
                0x0800822c        0xa build/ff_gen_drv.o
                0x0800822c                FATFS_LinkDriver
 *fill*         0x08008236        0x2 
 .text.prvResetNextTaskUnblockTime
                0x08008238       0x34 build/tasks.o
 .text.prvDeleteTCB
                0x0800826c       0x12 build/tasks.o
 .text.prvInitialiseNewTask
                0x0800827e       0x80 build/tasks.o
 *fill*         0x080082fe        0x2 
 .text.prvInitialiseTaskLists
                0x08008300       0x68 build/tasks.o
 .text.prvAddNewTaskToReadyList
                0x08008368       0xa8 build/tasks.o
 .text.prvAddCurrentTaskToDelayedList
                0x08008410       0xa0 build/tasks.o
 .text.xTaskCreate
                0x080084b0       0x62 build/tasks.o
                0x080084b0                xTaskCreate
 *fill*         0x08008512        0x2 
 .text.vTaskStartScheduler
                0x08008514       0x84 build/tasks.o
                0x08008514                vTaskStartScheduler
 .text.vTaskSuspendAll
                0x08008598       0x10 build/tasks.o
                0x08008598                vTaskSuspendAll
 .text.xTaskGetTickCount
                0x080085a8        0xc build/tasks.o
                0x080085a8                xTaskGetTickCount
 .text.xTaskGetTickCountFromISR
                0x080085b4       0x10 build/tasks.o
                0x080085b4                xTaskGetTickCountFromISR
 .text.xTaskIncrementTick
                0x080085c4      0x124 build/tasks.o
                0x080085c4                xTaskIncrementTick
 .text.xTaskResumeAll
                0x080086e8      0x100 build/tasks.o
                0x080086e8                xTaskResumeAll
 .text.vTaskDelay
                0x080087e8       0x54 build/tasks.o
                0x080087e8                vTaskDelay
 .text.prvCheckTasksWaitingTermination
                0x0800883c       0x5c build/tasks.o
 .text.prvIdleTask
                0x08008898       0x28 build/tasks.o
 .text.vTaskSwitchContext
                0x080088c0       0xa0 build/tasks.o
                0x080088c0                vTaskSwitchContext
 .text.vTaskPlaceOnEventList
                0x08008960       0x34 build/tasks.o
                0x08008960                vTaskPlaceOnEventList
 .text.xTaskRemoveFromEventList
                0x08008994       0x90 build/tasks.o
                0x08008994                xTaskRemoveFromEventList
 .text.vTaskSetTimeOutState
                0x08008a24       0x30 build/tasks.o
                0x08008a24                vTaskSetTimeOutState
 .text.xTaskCheckForTimeOut
                0x08008a54       0x88 build/tasks.o
                0x08008a54                xTaskCheckForTimeOut
 .text.vTaskMissedYield
                0x08008adc        0xc build/tasks.o
                0x08008adc                vTaskMissedYield
 .text.xTaskGetSchedulerState
                0x08008ae8       0x20 build/tasks.o
                0x08008ae8                xTaskGetSchedulerState
 .text.vTaskPriorityInherit
                0x08008b08       0xa4 build/tasks.o
                0x08008b08                vTaskPriorityInherit
 .text.xTaskPriorityDisinherit
                0x08008bac       0xbc build/tasks.o
                0x08008bac                xTaskPriorityDisinherit
 .text.pvTaskIncrementMutexHeldCount
                0x08008c68       0x1c build/tasks.o
                0x08008c68                pvTaskIncrementMutexHeldCount
 .text.HAL_RTCEx_BKUPWrite
                0x08008c84        0xa build/stm32f7xx_hal_rtc_ex.o
                0x08008c84                HAL_RTCEx_BKUPWrite
 .text.HAL_RTCEx_BKUPRead
                0x08008c8e        0xa build/stm32f7xx_hal_rtc_ex.o
                0x08008c8e                HAL_RTCEx_BKUPRead
 .text.DMA2D_SetConfig
                0x08008c98       0x8c build/stm32f7xx_hal_dma2d.o
 .text.HAL_DMA2D_Init
                0x08008d24       0x5c build/stm32f7xx_hal_dma2d.o
                0x08008d24                HAL_DMA2D_Init
 .text.HAL_DMA2D_Start
                0x08008d80       0x38 build/stm32f7xx_hal_dma2d.o
                0x08008d80                HAL_DMA2D_Start
 .text.HAL_DMA2D_PollForTransfer
                0x08008db8      0x13e build/stm32f7xx_hal_dma2d.o
                0x08008db8                HAL_DMA2D_PollForTransfer
 *fill*         0x08008ef6        0x2 
 .text.HAL_DMA2D_ConfigLayer
                0x08008ef8       0xc4 build/stm32f7xx_hal_dma2d.o
                0x08008ef8                HAL_DMA2D_ConfigLayer
 .text.LTDC_SetConfig
                0x08008fbc      0x190 build/stm32f7xx_hal_ltdc.o
 .text.HAL_LTDC_MspInit
                0x0800914c        0x2 build/stm32f7xx_hal_ltdc.o
                0x0800914c                HAL_LTDC_MspInit
 *fill*         0x0800914e        0x2 
 .text.HAL_LTDC_Init
                0x08009150       0xfc build/stm32f7xx_hal_ltdc.o
                0x08009150                HAL_LTDC_Init
 .text.HAL_LTDC_ConfigLayer
                0x0800924c       0x5c build/stm32f7xx_hal_ltdc.o
                0x0800924c                HAL_LTDC_ConfigLayer
 .text.HAL_LTDC_SetAlpha
                0x080092a8       0x42 build/stm32f7xx_hal_ltdc.o
                0x080092a8                HAL_LTDC_SetAlpha
 .text.HAL_LTDC_GetState
                0x080092ea        0x6 build/stm32f7xx_hal_ltdc.o
                0x080092ea                HAL_LTDC_GetState
 .text.HAL_SDRAM_MspInit
                0x080092f0        0x2 build/stm32f7xx_hal_sdram.o
                0x080092f0                HAL_SDRAM_MspInit
 .text.HAL_SDRAM_Init
                0x080092f2       0x3e build/stm32f7xx_hal_sdram.o
                0x080092f2                HAL_SDRAM_Init
 .text.HAL_SDRAM_SendCommand
                0x08009330       0x3a build/stm32f7xx_hal_sdram.o
                0x08009330                HAL_SDRAM_SendCommand
 .text.HAL_SDRAM_ProgramRefreshRate
                0x0800936a       0x28 build/stm32f7xx_hal_sdram.o
                0x0800936a                HAL_SDRAM_ProgramRefreshRate
 *fill*         0x08009392        0x2 
 .text.FMC_SDRAM_Init
                0x08009394       0x74 build/stm32f7xx_ll_fmc.o
                0x08009394                FMC_SDRAM_Init
 .text.FMC_SDRAM_Timing_Init
                0x08009408       0x98 build/stm32f7xx_ll_fmc.o
                0x08009408                FMC_SDRAM_Timing_Init
 .text.FMC_SDRAM_SendCommand
                0x080094a0       0x2c build/stm32f7xx_ll_fmc.o
                0x080094a0                FMC_SDRAM_SendCommand
 .text.FMC_SDRAM_ProgramRefreshRate
                0x080094cc        0xc build/stm32f7xx_ll_fmc.o
                0x080094cc                FMC_SDRAM_ProgramRefreshRate
 .text.HAL_GPIO_Init
                0x080094d8      0x1dc build/stm32f7xx_hal_gpio.o
                0x080094d8                HAL_GPIO_Init
 .text.HAL_GPIO_WritePin
                0x080096b4        0xc build/stm32f7xx_hal_gpio.o
                0x080096b4                HAL_GPIO_WritePin
 .text.USB_CoreReset
                0x080096c0       0x3c build/stm32f7xx_ll_usb.o
 .text.USB_CoreInit
                0x080096fc       0x7c build/stm32f7xx_ll_usb.o
                0x080096fc                USB_CoreInit
 .text.USB_EnableGlobalInt
                0x08009778        0xc build/stm32f7xx_ll_usb.o
                0x08009778                USB_EnableGlobalInt
 .text.USB_DisableGlobalInt
                0x08009784        0xc build/stm32f7xx_ll_usb.o
                0x08009784                USB_DisableGlobalInt
 .text.USB_SetCurrentMode
                0x08009790       0x2c build/stm32f7xx_ll_usb.o
                0x08009790                USB_SetCurrentMode
 .text.USB_FlushTxFifo
                0x080097bc       0x28 build/stm32f7xx_ll_usb.o
                0x080097bc                USB_FlushTxFifo
 .text.USB_FlushRxFifo
                0x080097e4       0x24 build/stm32f7xx_ll_usb.o
                0x080097e4                USB_FlushRxFifo
 .text.USB_WritePacket
                0x08009808       0x28 build/stm32f7xx_ll_usb.o
                0x08009808                USB_WritePacket
 .text.USB_ReadPacket
                0x08009830       0x28 build/stm32f7xx_ll_usb.o
                0x08009830                USB_ReadPacket
 .text.USB_ReadInterrupts
                0x08009858        0x8 build/stm32f7xx_ll_usb.o
                0x08009858                USB_ReadInterrupts
 .text.USB_GetMode
                0x08009860        0x8 build/stm32f7xx_ll_usb.o
                0x08009860                USB_GetMode
 .text.USB_InitFSLSPClkSel
                0x08009868       0x40 build/stm32f7xx_ll_usb.o
                0x08009868                USB_InitFSLSPClkSel
 .text.USB_ResetPort
                0x080098a8       0x3a build/stm32f7xx_ll_usb.o
                0x080098a8                USB_ResetPort
 .text.USB_DriveVbus
                0x080098e2       0x42 build/stm32f7xx_ll_usb.o
                0x080098e2                USB_DriveVbus
 .text.USB_HostInit
                0x08009924       0xdc build/stm32f7xx_ll_usb.o
                0x08009924                USB_HostInit
 .text.USB_GetHostSpeed
                0x08009a00       0x12 build/stm32f7xx_ll_usb.o
                0x08009a00                USB_GetHostSpeed
 .text.USB_GetCurrentFrame
                0x08009a12        0xa build/stm32f7xx_ll_usb.o
                0x08009a12                USB_GetCurrentFrame
 .text.USB_HC_Init
                0x08009a1c       0xea build/stm32f7xx_ll_usb.o
                0x08009a1c                USB_HC_Init
 .text.USB_HC_ReadInterrupt
                0x08009b06        0xa build/stm32f7xx_ll_usb.o
                0x08009b06                USB_HC_ReadInterrupt
 .text.USB_HC_Halt
                0x08009b10       0xd6 build/stm32f7xx_ll_usb.o
                0x08009b10                USB_HC_Halt
 *fill*         0x08009be6        0x2 
 .text.USB_DoPing
                0x08009be8       0x24 build/stm32f7xx_ll_usb.o
                0x08009be8                USB_DoPing
 .text.USB_HC_StartXfer
                0x08009c0c      0x174 build/stm32f7xx_ll_usb.o
                0x08009c0c                USB_HC_StartXfer
 .text.USB_StopHost
                0x08009d80       0x80 build/stm32f7xx_ll_usb.o
                0x08009d80                USB_StopHost
 .text.I2Cx_MspInit
                0x08009e00      0x128 build/stm32746g_discovery.o
 .text.I2Cx_Init
                0x08009f28       0x4c build/stm32746g_discovery.o
 .text.I2Cx_Error
                0x08009f74       0x10 build/stm32746g_discovery.o
 .text.I2Cx_WriteMultiple
                0x08009f84       0x32 build/stm32746g_discovery.o
 .text.I2Cx_ReadMultiple
                0x08009fb6       0x32 build/stm32746g_discovery.o
 .text.TS_IO_Init
                0x08009fe8       0x10 build/stm32746g_discovery.o
                0x08009fe8                TS_IO_Init
 .text.TS_IO_Write
                0x08009ff8       0x24 build/stm32746g_discovery.o
                0x08009ff8                TS_IO_Write
 .text.TS_IO_Read
                0x0800a01c       0x2c build/stm32746g_discovery.o
                0x0800a01c                TS_IO_Read
 .text.TS_IO_Delay
                0x0800a048        0x8 build/stm32746g_discovery.o
                0x0800a048                TS_IO_Delay
 .text.LL_FillBuffer
                0x0800a050       0x80 build/stm32746g_discovery_lcd.o
 .text.BSP_LCD_GetXSize
                0x0800a0d0       0x18 build/stm32746g_discovery_lcd.o
                0x0800a0d0                BSP_LCD_GetXSize
 .text.BSP_LCD_GetYSize
                0x0800a0e8       0x18 build/stm32746g_discovery_lcd.o
                0x0800a0e8                BSP_LCD_GetYSize
 .text.BSP_LCD_LayerRgb565Init
                0x0800a100       0x80 build/stm32746g_discovery_lcd.o
                0x0800a100                BSP_LCD_LayerRgb565Init
 .text.BSP_LCD_SelectLayer
                0x0800a180        0xc build/stm32746g_discovery_lcd.o
                0x0800a180                BSP_LCD_SelectLayer
 .text.BSP_LCD_SetTransparency
                0x0800a18c       0x10 build/stm32746g_discovery_lcd.o
                0x0800a18c                BSP_LCD_SetTransparency
 .text.BSP_LCD_SetTextColor
                0x0800a19c       0x18 build/stm32746g_discovery_lcd.o
                0x0800a19c                BSP_LCD_SetTextColor
 .text.BSP_LCD_SetBackColor
                0x0800a1b4       0x1c build/stm32746g_discovery_lcd.o
                0x0800a1b4                BSP_LCD_SetBackColor
 .text.BSP_LCD_SetFont
                0x0800a1d0       0x1c build/stm32746g_discovery_lcd.o
                0x0800a1d0                BSP_LCD_SetFont
 .text.BSP_LCD_Clear
                0x0800a1ec       0x3c build/stm32746g_discovery_lcd.o
                0x0800a1ec                BSP_LCD_Clear
 .text.BSP_LCD_DrawPixel
                0x0800a228       0x54 build/stm32746g_discovery_lcd.o
                0x0800a228                BSP_LCD_DrawPixel
 .text.DrawChar
                0x0800a27c       0xe8 build/stm32746g_discovery_lcd.o
 .text.BSP_LCD_DisplayChar
                0x0800a364       0x38 build/stm32746g_discovery_lcd.o
                0x0800a364                BSP_LCD_DisplayChar
 .text.BSP_LCD_DisplayStringAt
                0x0800a39c       0xd4 build/stm32746g_discovery_lcd.o
                0x0800a39c                BSP_LCD_DisplayStringAt
 .text.BSP_LCD_FillRect
                0x0800a470       0x94 build/stm32746g_discovery_lcd.o
                0x0800a470                BSP_LCD_FillRect
 .text.BSP_LCD_DisplayOn
                0x0800a504       0x34 build/stm32746g_discovery_lcd.o
                0x0800a504                BSP_LCD_DisplayOn
 .text.BSP_LCD_MspInit
                0x0800a538      0x148 build/stm32746g_discovery_lcd.o
                0x0800a538                BSP_LCD_MspInit
 .text.BSP_LCD_ClockConfig
                0x0800a680       0x20 build/stm32746g_discovery_lcd.o
                0x0800a680                BSP_LCD_ClockConfig
 .text.BSP_LCD_Init
                0x0800a6a0       0xac build/stm32746g_discovery_lcd.o
                0x0800a6a0                BSP_LCD_Init
 .text.BSP_SDRAM_Initialization_sequence
                0x0800a74c       0x9c build/stm32746g_discovery_sdram.o
                0x0800a74c                BSP_SDRAM_Initialization_sequence
 .text.BSP_SDRAM_MspInit
                0x0800a7e8      0x17c build/stm32746g_discovery_sdram.o
                0x0800a7e8                BSP_SDRAM_MspInit
 .text.BSP_SDRAM_Init
                0x0800a964       0x80 build/stm32746g_discovery_sdram.o
                0x0800a964                BSP_SDRAM_Init
 .text.BSP_TS_Init
                0x0800a9e4       0x50 build/stm32746g_discovery_ts.o
                0x0800a9e4                BSP_TS_Init
 .text.BSP_TS_Get_GestureId
                0x0800aa34       0x74 build/stm32746g_discovery_ts.o
                0x0800aa34                BSP_TS_Get_GestureId
 .text.BSP_TS_GetState
                0x0800aaa8      0x1d0 build/stm32746g_discovery_ts.o
                0x0800aaa8                BSP_TS_GetState
 .text.ft5336_Reset
                0x0800ac78        0x2 build/ft5336.o
                0x0800ac78                ft5336_Reset
 .text.ft5336_TS_ITStatus
                0x0800ac7a        0x4 build/ft5336.o
                0x0800ac7a                ft5336_TS_ITStatus
 .text.ft5336_TS_ClearIT
                0x0800ac7e        0x2 build/ft5336.o
                0x0800ac7e                ft5336_TS_ClearIT
 .text.ft5336_Get_I2C_InitializedStatus
                0x0800ac80        0xc build/ft5336.o
 .text.ft5336_I2C_InitializeIfRequired
                0x0800ac8c       0x1c build/ft5336.o
 .text.ft5336_Init
                0x0800aca8        0xe build/ft5336.o
                0x0800aca8                ft5336_Init
 .text.ft5336_ReadID
                0x0800acb6       0x4a build/ft5336.o
                0x0800acb6                ft5336_ReadID
 .text.ft5336_TS_DetectTouch
                0x0800ad00       0x4c build/ft5336.o
                0x0800ad00                ft5336_TS_DetectTouch
 .text.ft5336_TS_GetXY
                0x0800ad4c      0x158 build/ft5336.o
                0x0800ad4c                ft5336_TS_GetXY
 .text.ft5336_TS_EnableIT
                0x0800aea4        0xe build/ft5336.o
                0x0800aea4                ft5336_TS_EnableIT
 .text.ft5336_TS_DisableIT
                0x0800aeb2        0xe build/ft5336.o
                0x0800aeb2                ft5336_TS_DisableIT
 .text.ft5336_TS_Start
                0x0800aec0        0x8 build/ft5336.o
                0x0800aec0                ft5336_TS_Start
 .text.ft5336_TS_GetGestureID
                0x0800aec8       0x22 build/ft5336.o
                0x0800aec8                ft5336_TS_GetGestureID
 *fill*         0x0800aeea        0x2 
 .text.ft5336_TS_GetTouchInfo
                0x0800aeec       0xe0 build/ft5336.o
                0x0800aeec                ft5336_TS_GetTouchInfo
 .text.debug_init
                0x0800afcc        0xc build/dbgu.o
                0x0800afcc                debug_init
 .text.debug_chr
                0x0800afd8       0x18 build/dbgu.o
                0x0800afd8                debug_chr
 .text.xputc    0x0800aff0        0x8 build/term_io.o
                0x0800aff0                xputc
 .text.xputs    0x0800aff8       0x14 build/term_io.o
                0x0800aff8                xputs
 .text.xitoa    0x0800b00c       0x9c build/term_io.o
                0x0800b00c                xitoa
 .text.xprintf  0x0800b0a8       0xec build/term_io.o
                0x0800b0a8                xprintf
 .text.MX_SDMMC1_SD_Init
                0x0800b194       0x20 build/main.o
 .text.MX_GPIO_Init
                0x0800b1b4      0x5fc build/main.o
 .text.MX_DMA_Init
                0x0800b7b0       0x44 build/main.o
 .text._write   0x0800b7f4       0x3c build/main.o
                0x0800b7f4                _write
 .text.initialize_touchscreen
                0x0800b830       0x5c build/main.o
                0x0800b830                initialize_touchscreen
 .text.lcd_start
                0x0800b88c       0x50 build/main.o
                0x0800b88c                lcd_start
 .text.show_number
                0x0800b8dc      0x144 build/main.o
                0x0800b8dc                show_number
 .text.mainTask
                0x0800ba20      0x178 build/main.o
                0x0800ba20                mainTask
 .text.HAL_TIM_PeriodElapsedCallback
                0x0800bb98       0x18 build/main.o
                0x0800bb98                HAL_TIM_PeriodElapsedCallback
 .text._Error_Handler
                0x0800bbb0        0x2 build/main.o
                0x0800bbb0                _Error_Handler
 *fill*         0x0800bbb2        0x2 
 .text.MX_ADC3_Init
                0x0800bbb4       0x70 build/main.o
 .text.MX_CRC_Init
                0x0800bc24       0x34 build/main.o
 .text.MX_DMA2D_Init
                0x0800bc58       0x4c build/main.o
 .text.MX_RNG_Init
                0x0800bca4       0x28 build/main.o
 .text.MX_RTC_Init
                0x0800bccc       0xac build/main.o
 .text.MX_TIM10_Init
                0x0800bd78       0x34 build/main.o
 .text.MX_USART1_UART_Init
                0x0800bdac       0x40 build/main.o
 .text.MX_USART6_UART_Init
                0x0800bdec       0x40 build/main.o
 .text.SystemClock_Config
                0x0800be2c      0x108 build/main.o
                0x0800be2c                SystemClock_Config
 .text.main     0x0800bf34       0x74 build/main.o
                0x0800bf34                main
 .text.Reset_Handler
                0x0800bfa8       0x50 build/startup_stm32f746xx.o
                0x0800bfa8                Reset_Handler
 .text.Default_Handler
                0x0800bff8        0x2 build/startup_stm32f746xx.o
                0x0800bff8                RTC_Alarm_IRQHandler
                0x0800bff8                EXTI2_IRQHandler
                0x0800bff8                TIM8_CC_IRQHandler
                0x0800bff8                UART8_IRQHandler
                0x0800bff8                SPI4_IRQHandler
                0x0800bff8                TIM1_CC_IRQHandler
                0x0800bff8                DMA2_Stream5_IRQHandler
                0x0800bff8                DMA1_Stream5_IRQHandler
                0x0800bff8                PVD_IRQHandler
                0x0800bff8                TAMP_STAMP_IRQHandler
                0x0800bff8                CAN2_RX1_IRQHandler
                0x0800bff8                EXTI3_IRQHandler
                0x0800bff8                TIM8_TRG_COM_TIM14_IRQHandler
                0x0800bff8                TIM1_UP_TIM10_IRQHandler
                0x0800bff8                TIM8_UP_TIM13_IRQHandler
                0x0800bff8                I2C3_ER_IRQHandler
                0x0800bff8                EXTI0_IRQHandler
                0x0800bff8                I2C2_EV_IRQHandler
                0x0800bff8                DMA1_Stream2_IRQHandler
                0x0800bff8                CAN1_RX0_IRQHandler
                0x0800bff8                FPU_IRQHandler
                0x0800bff8                OTG_HS_WKUP_IRQHandler
                0x0800bff8                LTDC_ER_IRQHandler
                0x0800bff8                CAN2_SCE_IRQHandler
                0x0800bff8                SPI1_IRQHandler
                0x0800bff8                TIM6_DAC_IRQHandler
                0x0800bff8                TIM1_BRK_TIM9_IRQHandler
                0x0800bff8                DCMI_IRQHandler
                0x0800bff8                CAN2_RX0_IRQHandler
                0x0800bff8                DMA2_Stream3_IRQHandler
                0x0800bff8                SAI2_IRQHandler
                0x0800bff8                USART3_IRQHandler
                0x0800bff8                CAN1_RX1_IRQHandler
                0x0800bff8                UART5_IRQHandler
                0x0800bff8                DMA2_Stream0_IRQHandler
                0x0800bff8                TIM4_IRQHandler
                0x0800bff8                QUADSPI_IRQHandler
                0x0800bff8                I2C1_EV_IRQHandler
                0x0800bff8                DMA1_Stream6_IRQHandler
                0x0800bff8                DMA1_Stream1_IRQHandler
                0x0800bff8                UART4_IRQHandler
                0x0800bff8                TIM3_IRQHandler
                0x0800bff8                RCC_IRQHandler
                0x0800bff8                TIM8_BRK_TIM12_IRQHandler
                0x0800bff8                Default_Handler
                0x0800bff8                CEC_IRQHandler
                0x0800bff8                EXTI15_10_IRQHandler
                0x0800bff8                ADC_IRQHandler
                0x0800bff8                DMA1_Stream7_IRQHandler
                0x0800bff8                SPI5_IRQHandler
                0x0800bff8                SDMMC1_IRQHandler
                0x0800bff8                CAN2_TX_IRQHandler
                0x0800bff8                TIM5_IRQHandler
                0x0800bff8                DMA2_Stream7_IRQHandler
                0x0800bff8                I2C3_EV_IRQHandler
                0x0800bff8                EXTI9_5_IRQHandler
                0x0800bff8                RTC_WKUP_IRQHandler
                0x0800bff8                LTDC_IRQHandler
                0x0800bff8                ETH_WKUP_IRQHandler
                0x0800bff8                SPDIF_RX_IRQHandler
                0x0800bff8                SPI2_IRQHandler
                0x0800bff8                OTG_HS_EP1_IN_IRQHandler
                0x0800bff8                DMA1_Stream0_IRQHandler
                0x0800bff8                CAN1_TX_IRQHandler
                0x0800bff8                EXTI4_IRQHandler
                0x0800bff8                RNG_IRQHandler
                0x0800bff8                ETH_IRQHandler
                0x0800bff8                OTG_HS_EP1_OUT_IRQHandler
                0x0800bff8                WWDG_IRQHandler
                0x0800bff8                SPI6_IRQHandler
                0x0800bff8                I2C4_EV_IRQHandler
                0x0800bff8                TIM2_IRQHandler
                0x0800bff8                OTG_FS_WKUP_IRQHandler
                0x0800bff8                TIM1_TRG_COM_TIM11_IRQHandler
                0x0800bff8                OTG_HS_IRQHandler
                0x0800bff8                DMA2D_IRQHandler
                0x0800bff8                EXTI1_IRQHandler
                0x0800bff8                UART7_IRQHandler
                0x0800bff8                USART2_IRQHandler
                0x0800bff8                I2C2_ER_IRQHandler
                0x0800bff8                CAN1_SCE_IRQHandler
                0x0800bff8                FLASH_IRQHandler
                0x0800bff8                DMA2_Stream4_IRQHandler
                0x0800bff8                SPI3_IRQHandler
                0x0800bff8                DMA1_Stream4_IRQHandler
                0x0800bff8                I2C1_ER_IRQHandler
                0x0800bff8                FMC_IRQHandler
                0x0800bff8                LPTIM1_IRQHandler
                0x0800bff8                I2C4_ER_IRQHandler
                0x0800bff8                DMA2_Stream6_IRQHandler
                0x0800bff8                SAI1_IRQHandler
                0x0800bff8                DMA1_Stream3_IRQHandler
 *fill*         0x0800bffa        0x2 
 .text.__errno  0x0800bffc        0xc c:/gcc_toolchain/6_2017-q1-update/bin/../lib/gcc/arm-none-eabi/6.3.1/../../../../arm-none-eabi/lib/thumb/v7e-m/fpv5-sp/hard\libc_nano.a(lib_a-errno.o)
                0x0800bffc                __errno
 .text.__libc_init_array
                0x0800c008       0x48 c:/gcc_toolchain/6_2017-q1-update/bin/../lib/gcc/arm-none-eabi/6.3.1/../../../../arm-none-eabi/lib/thumb/v7e-m/fpv5-sp/hard\libc_nano.a(lib_a-init.o)
                0x0800c008                __libc_init_array
 .text.malloc   0x0800c050       0x10 c:/gcc_toolchain/6_2017-q1-update/bin/../lib/gcc/arm-none-eabi/6.3.1/../../../../arm-none-eabi/lib/thumb/v7e-m/fpv5-sp/hard\libc_nano.a(lib_a-malloc.o)
                0x0800c050                malloc
 .text.free     0x0800c060       0x10 c:/gcc_toolchain/6_2017-q1-update/bin/../lib/gcc/arm-none-eabi/6.3.1/../../../../arm-none-eabi/lib/thumb/v7e-m/fpv5-sp/hard\libc_nano.a(lib_a-malloc.o)
                0x0800c060                free
 .text.memcpy   0x0800c070       0x16 c:/gcc_toolchain/6_2017-q1-update/bin/../lib/gcc/arm-none-eabi/6.3.1/../../../../arm-none-eabi/lib/thumb/v7e-m/fpv5-sp/hard\libc_nano.a(lib_a-memcpy-stub.o)
                0x0800c070                memcpy
 .text.memset   0x0800c086       0x10 c:/gcc_toolchain/6_2017-q1-update/bin/../lib/gcc/arm-none-eabi/6.3.1/../../../../arm-none-eabi/lib/thumb/v7e-m/fpv5-sp/hard\libc_nano.a(lib_a-memset.o)
                0x0800c086                memset
 *fill*         0x0800c096        0x2 
 .text._free_r  0x0800c098       0x9c c:/gcc_toolchain/6_2017-q1-update/bin/../lib/gcc/arm-none-eabi/6.3.1/../../../../arm-none-eabi/lib/thumb/v7e-m/fpv5-sp/hard\libc_nano.a(lib_a-nano-freer.o)
                0x0800c098                _free_r
 .text._malloc_r
                0x0800c134       0xbc c:/gcc_toolchain/6_2017-q1-update/bin/../lib/gcc/arm-none-eabi/6.3.1/../../../../arm-none-eabi/lib/thumb/v7e-m/fpv5-sp/hard\libc_nano.a(lib_a-nano-mallocr.o)
                0x0800c134                _malloc_r
 .text._puts_r  0x0800c1f0       0xb8 c:/gcc_toolchain/6_2017-q1-update/bin/../lib/gcc/arm-none-eabi/6.3.1/../../../../arm-none-eabi/lib/thumb/v7e-m/fpv5-sp/hard\libc_nano.a(lib_a-puts.o)
                0x0800c1f0                _puts_r
 .text.puts     0x0800c2a8       0x10 c:/gcc_toolchain/6_2017-q1-update/bin/../lib/gcc/arm-none-eabi/6.3.1/../../../../arm-none-eabi/lib/thumb/v7e-m/fpv5-sp/hard\libc_nano.a(lib_a-puts.o)
                0x0800c2a8                puts
 .text._sbrk_r  0x0800c2b8       0x20 c:/gcc_toolchain/6_2017-q1-update/bin/../lib/gcc/arm-none-eabi/6.3.1/../../../../arm-none-eabi/lib/thumb/v7e-m/fpv5-sp/hard\libc_nano.a(lib_a-sbrkr.o)
                0x0800c2b8                _sbrk_r
 .text.__swbuf_r
                0x0800c2d8       0xa4 c:/gcc_toolchain/6_2017-q1-update/bin/../lib/gcc/arm-none-eabi/6.3.1/../../../../arm-none-eabi/lib/thumb/v7e-m/fpv5-sp/hard\libc_nano.a(lib_a-wbuf.o)
                0x0800c2d8                __swbuf_r
 .text.__swsetup_r
                0x0800c37c       0xdc c:/gcc_toolchain/6_2017-q1-update/bin/../lib/gcc/arm-none-eabi/6.3.1/../../../../arm-none-eabi/lib/thumb/v7e-m/fpv5-sp/hard\libc_nano.a(lib_a-wsetup.o)
                0x0800c37c                __swsetup_r
 .text.__sflush_r
                0x0800c458      0x110 c:/gcc_toolchain/6_2017-q1-update/bin/../lib/gcc/arm-none-eabi/6.3.1/../../../../arm-none-eabi/lib/thumb/v7e-m/fpv5-sp/hard\libc_nano.a(lib_a-fflush.o)
                0x0800c458                __sflush_r
 .text._fflush_r
                0x0800c568       0x54 c:/gcc_toolchain/6_2017-q1-update/bin/../lib/gcc/arm-none-eabi/6.3.1/../../../../arm-none-eabi/lib/thumb/v7e-m/fpv5-sp/hard\libc_nano.a(lib_a-fflush.o)
                0x0800c568                _fflush_r
 .text._cleanup_r
                0x0800c5bc        0xc c:/gcc_toolchain/6_2017-q1-update/bin/../lib/gcc/arm-none-eabi/6.3.1/../../../../arm-none-eabi/lib/thumb/v7e-m/fpv5-sp/hard\libc_nano.a(lib_a-findfp.o)
                0x0800c5bc                _cleanup_r
 .text.std.isra.0
                0x0800c5c8       0x48 c:/gcc_toolchain/6_2017-q1-update/bin/../lib/gcc/arm-none-eabi/6.3.1/../../../../arm-none-eabi/lib/thumb/v7e-m/fpv5-sp/hard\libc_nano.a(lib_a-findfp.o)
 .text.__sfmoreglue
                0x0800c610       0x2c c:/gcc_toolchain/6_2017-q1-update/bin/../lib/gcc/arm-none-eabi/6.3.1/../../../../arm-none-eabi/lib/thumb/v7e-m/fpv5-sp/hard\libc_nano.a(lib_a-findfp.o)
                0x0800c610                __sfmoreglue
 .text.__sinit  0x0800c63c       0x60 c:/gcc_toolchain/6_2017-q1-update/bin/../lib/gcc/arm-none-eabi/6.3.1/../../../../arm-none-eabi/lib/thumb/v7e-m/fpv5-sp/hard\libc_nano.a(lib_a-findfp.o)
                0x0800c63c                __sinit
 .text.__sfp    0x0800c69c       0x78 c:/gcc_toolchain/6_2017-q1-update/bin/../lib/gcc/arm-none-eabi/6.3.1/../../../../arm-none-eabi/lib/thumb/v7e-m/fpv5-sp/hard\libc_nano.a(lib_a-findfp.o)
                0x0800c69c                __sfp
 .text._fwalk_reent
                0x0800c714       0x3c c:/gcc_toolchain/6_2017-q1-update/bin/../lib/gcc/arm-none-eabi/6.3.1/../../../../arm-none-eabi/lib/thumb/v7e-m/fpv5-sp/hard\libc_nano.a(lib_a-fwalk.o)
                0x0800c714                _fwalk_reent
 .text.__swhatbuf_r
                0x0800c750       0x48 c:/gcc_toolchain/6_2017-q1-update/bin/../lib/gcc/arm-none-eabi/6.3.1/../../../../arm-none-eabi/lib/thumb/v7e-m/fpv5-sp/hard\libc_nano.a(lib_a-makebuf.o)
                0x0800c750                __swhatbuf_r
 .text.__smakebuf_r
                0x0800c798       0x80 c:/gcc_toolchain/6_2017-q1-update/bin/../lib/gcc/arm-none-eabi/6.3.1/../../../../arm-none-eabi/lib/thumb/v7e-m/fpv5-sp/hard\libc_nano.a(lib_a-makebuf.o)
                0x0800c798                __smakebuf_r
 .text.__malloc_lock
                0x0800c818        0x2 c:/gcc_toolchain/6_2017-q1-update/bin/../lib/gcc/arm-none-eabi/6.3.1/../../../../arm-none-eabi/lib/thumb/v7e-m/fpv5-sp/hard\libc_nano.a(lib_a-mlock.o)
                0x0800c818                __malloc_lock
 .text.__malloc_unlock
                0x0800c81a        0x2 c:/gcc_toolchain/6_2017-q1-update/bin/../lib/gcc/arm-none-eabi/6.3.1/../../../../arm-none-eabi/lib/thumb/v7e-m/fpv5-sp/hard\libc_nano.a(lib_a-mlock.o)
                0x0800c81a                __malloc_unlock
 .text.__sread  0x0800c81c       0x22 c:/gcc_toolchain/6_2017-q1-update/bin/../lib/gcc/arm-none-eabi/6.3.1/../../../../arm-none-eabi/lib/thumb/v7e-m/fpv5-sp/hard\libc_nano.a(lib_a-stdio.o)
                0x0800c81c                __sread
 .text.__swrite
                0x0800c83e       0x38 c:/gcc_toolchain/6_2017-q1-update/bin/../lib/gcc/arm-none-eabi/6.3.1/../../../../arm-none-eabi/lib/thumb/v7e-m/fpv5-sp/hard\libc_nano.a(lib_a-stdio.o)
                0x0800c83e                __swrite
 .text.__sseek  0x0800c876       0x24 c:/gcc_toolchain/6_2017-q1-update/bin/../lib/gcc/arm-none-eabi/6.3.1/../../../../arm-none-eabi/lib/thumb/v7e-m/fpv5-sp/hard\libc_nano.a(lib_a-stdio.o)
                0x0800c876                __sseek
 .text.__sclose
                0x0800c89a        0x8 c:/gcc_toolchain/6_2017-q1-update/bin/../lib/gcc/arm-none-eabi/6.3.1/../../../../arm-none-eabi/lib/thumb/v7e-m/fpv5-sp/hard\libc_nano.a(lib_a-stdio.o)
                0x0800c89a                __sclose
 *fill*         0x0800c8a2        0x2 
 .text._write_r
                0x0800c8a4       0x24 c:/gcc_toolchain/6_2017-q1-update/bin/../lib/gcc/arm-none-eabi/6.3.1/../../../../arm-none-eabi/lib/thumb/v7e-m/fpv5-sp/hard\libc_nano.a(lib_a-writer.o)
                0x0800c8a4                _write_r
 .text._close_r
                0x0800c8c8       0x20 c:/gcc_toolchain/6_2017-q1-update/bin/../lib/gcc/arm-none-eabi/6.3.1/../../../../arm-none-eabi/lib/thumb/v7e-m/fpv5-sp/hard\libc_nano.a(lib_a-closer.o)
                0x0800c8c8                _close_r
 .text._fstat_r
                0x0800c8e8       0x24 c:/gcc_toolchain/6_2017-q1-update/bin/../lib/gcc/arm-none-eabi/6.3.1/../../../../arm-none-eabi/lib/thumb/v7e-m/fpv5-sp/hard\libc_nano.a(lib_a-fstatr.o)
                0x0800c8e8                _fstat_r
 .text._isatty_r
                0x0800c90c       0x20 c:/gcc_toolchain/6_2017-q1-update/bin/../lib/gcc/arm-none-eabi/6.3.1/../../../../arm-none-eabi/lib/thumb/v7e-m/fpv5-sp/hard\libc_nano.a(lib_a-isattyr.o)
                0x0800c90c                _isatty_r
 .text._lseek_r
                0x0800c92c       0x24 c:/gcc_toolchain/6_2017-q1-update/bin/../lib/gcc/arm-none-eabi/6.3.1/../../../../arm-none-eabi/lib/thumb/v7e-m/fpv5-sp/hard\libc_nano.a(lib_a-lseekr.o)
                0x0800c92c                _lseek_r
 .text._read_r  0x0800c950       0x24 c:/gcc_toolchain/6_2017-q1-update/bin/../lib/gcc/arm-none-eabi/6.3.1/../../../../arm-none-eabi/lib/thumb/v7e-m/fpv5-sp/hard\libc_nano.a(lib_a-readr.o)
                0x0800c950                _read_r
 .text._close   0x0800c974       0x10 c:/gcc_toolchain/6_2017-q1-update/bin/../lib/gcc/arm-none-eabi/6.3.1/../../../../arm-none-eabi/lib/thumb/v7e-m/fpv5-sp/hard\libnosys.a(close.o)
                0x0800c974                _close
 .text._fstat   0x0800c984       0x10 c:/gcc_toolchain/6_2017-q1-update/bin/../lib/gcc/arm-none-eabi/6.3.1/../../../../arm-none-eabi/lib/thumb/v7e-m/fpv5-sp/hard\libnosys.a(fstat.o)
                0x0800c984                _fstat
 .text._isatty  0x0800c994       0x10 c:/gcc_toolchain/6_2017-q1-update/bin/../lib/gcc/arm-none-eabi/6.3.1/../../../../arm-none-eabi/lib/thumb/v7e-m/fpv5-sp/hard\libnosys.a(isatty.o)
                0x0800c994                _isatty
 .text._lseek   0x0800c9a4       0x10 c:/gcc_toolchain/6_2017-q1-update/bin/../lib/gcc/arm-none-eabi/6.3.1/../../../../arm-none-eabi/lib/thumb/v7e-m/fpv5-sp/hard\libnosys.a(lseek.o)
                0x0800c9a4                _lseek
 .text._read    0x0800c9b4       0x10 c:/gcc_toolchain/6_2017-q1-update/bin/../lib/gcc/arm-none-eabi/6.3.1/../../../../arm-none-eabi/lib/thumb/v7e-m/fpv5-sp/hard\libnosys.a(read.o)
                0x0800c9b4                _read
 .text._sbrk    0x0800c9c4       0x1c c:/gcc_toolchain/6_2017-q1-update/bin/../lib/gcc/arm-none-eabi/6.3.1/../../../../arm-none-eabi/lib/thumb/v7e-m/fpv5-sp/hard\libnosys.a(sbrk.o)
                0x0800c9c4                _sbrk
 *(.glue_7)
 .glue_7        0x0800c9e0        0x0 linker stubs
 *(.glue_7t)
 .glue_7t       0x0800c9e0        0x0 linker stubs
 *(.eh_frame)
 .eh_frame      0x0800c9e0        0x0 c:/gcc_toolchain/6_2017-q1-update/bin/../lib/gcc/arm-none-eabi/6.3.1/thumb/v7e-m/fpv5-sp/hard/crtbegin.o
 *(.init)
 .init          0x0800c9e0        0x4 c:/gcc_toolchain/6_2017-q1-update/bin/../lib/gcc/arm-none-eabi/6.3.1/thumb/v7e-m/fpv5-sp/hard/crti.o
                0x0800c9e0                _init
 .init          0x0800c9e4        0x8 c:/gcc_toolchain/6_2017-q1-update/bin/../lib/gcc/arm-none-eabi/6.3.1/thumb/v7e-m/fpv5-sp/hard/crtn.o
 *(.fini)
 .fini          0x0800c9ec        0x4 c:/gcc_toolchain/6_2017-q1-update/bin/../lib/gcc/arm-none-eabi/6.3.1/thumb/v7e-m/fpv5-sp/hard/crti.o
                0x0800c9ec                _fini
 .fini          0x0800c9f0        0x8 c:/gcc_toolchain/6_2017-q1-update/bin/../lib/gcc/arm-none-eabi/6.3.1/thumb/v7e-m/fpv5-sp/hard/crtn.o
                0x0800c9f8                . = ALIGN (0x4)
                0x0800c9f8                _etext = .

.vfp11_veneer   0x0800c9f8        0x0
 .vfp11_veneer  0x0800c9f8        0x0 linker stubs

.v4_bx          0x0800c9f8        0x0
 .v4_bx         0x0800c9f8        0x0 linker stubs

.iplt           0x0800c9f8        0x0
 .iplt          0x0800c9f8        0x0 c:/gcc_toolchain/6_2017-q1-update/bin/../lib/gcc/arm-none-eabi/6.3.1/thumb/v7e-m/fpv5-sp/hard/crtbegin.o

.rodata         0x0800c9f8     0x1c74
                0x0800c9f8                . = ALIGN (0x4)
 *(.rodata)
 .rodata        0x0800c9f8        0x8 build/sd_diskio.o
 .rodata        0x0800ca00       0x1c build/usbh_core.o
 *(.rodata*)
 .rodata.USBH_LL_Init.str1.4
                0x0800ca1c       0x10 build/usbh_conf.o
 .rodata.flagBitshiftOffset.11204
                0x0800ca2c        0x8 build/stm32f7xx_hal_dma.o
 .rodata.USBH_Driver
                0x0800ca34       0x14 build/usbh_diskio.o
                0x0800ca34                USBH_Driver
 .rodata.HAL_UART_MspInit.str1.4
                0x0800ca48       0x18 build/stm32f7xx_hal_msp.o
 .rodata.SD_Driver
                0x0800ca60       0x14 build/sd_diskio.o
                0x0800ca60                SD_Driver
 .rodata.AHBPrescTable
                0x0800ca74       0x10 build/system_stm32f7xx.o
                0x0800ca74                AHBPrescTable
 .rodata.APBPrescTable
                0x0800ca84        0x8 build/system_stm32f7xx.o
                0x0800ca84                APBPrescTable
 .rodata.str1.4
                0x0800ca8c        0x4 build/usbh_msc.o
 .rodata.str1.4
                0x0800ca90        0xc build/usbh_core.o
 .rodata.vTaskStartScheduler.str1.4
                0x0800ca9c        0x5 build/tasks.o
 *fill*         0x0800caa1        0x3 
 .rodata.Font24_Table
                0x0800caa4     0x1ab8 build/stm32746g_discovery_lcd.o
                0x0800caa4                Font24_Table
 .rodata.MX_ADC3_Init.str1.4
                0x0800e55c        0x7 build/main.o
 *fill*         0x0800e563        0x1 
 .rodata.initialize_touchscreen.str1.4
                0x0800e564       0x2a build/main.o
 *fill*         0x0800e58e        0x2 
 .rodata.main.str1.4
                0x0800e590       0x3b build/main.o
 *fill*         0x0800e5cb        0x1 
 .rodata.mainTask.str1.4
                0x0800e5cc       0x3c build/main.o
                                 0x3b (size before relaxing)
 .rodata._global_impure_ptr
                0x0800e608        0x4 c:/gcc_toolchain/6_2017-q1-update/bin/../lib/gcc/arm-none-eabi/6.3.1/../../../../arm-none-eabi/lib/thumb/v7e-m/fpv5-sp/hard\libc_nano.a(lib_a-impure.o)
                0x0800e608                _global_impure_ptr
 .rodata.__sf_fake_stderr
                0x0800e60c       0x20 c:/gcc_toolchain/6_2017-q1-update/bin/../lib/gcc/arm-none-eabi/6.3.1/../../../../arm-none-eabi/lib/thumb/v7e-m/fpv5-sp/hard\libc_nano.a(lib_a-findfp.o)
                0x0800e60c                __sf_fake_stderr
 .rodata.__sf_fake_stdin
                0x0800e62c       0x20 c:/gcc_toolchain/6_2017-q1-update/bin/../lib/gcc/arm-none-eabi/6.3.1/../../../../arm-none-eabi/lib/thumb/v7e-m/fpv5-sp/hard\libc_nano.a(lib_a-findfp.o)
                0x0800e62c                __sf_fake_stdin
 .rodata.__sf_fake_stdout
                0x0800e64c       0x20 c:/gcc_toolchain/6_2017-q1-update/bin/../lib/gcc/arm-none-eabi/6.3.1/../../../../arm-none-eabi/lib/thumb/v7e-m/fpv5-sp/hard\libc_nano.a(lib_a-findfp.o)
                0x0800e64c                __sf_fake_stdout
                0x0800e66c                . = ALIGN (0x4)

.ARM.extab
 *(.ARM.extab* .gnu.linkonce.armextab.*)

.ARM            0x0800e66c        0x8
                0x0800e66c                __exidx_start = .
 *(.ARM.exidx*)
 .ARM.exidx     0x0800e66c        0x8 c:/gcc_toolchain/6_2017-q1-update/bin/../lib/gcc/arm-none-eabi/6.3.1/thumb/v7e-m/fpv5-sp/hard\libgcc.a(_udivmoddi4.o)
                0x0800e674                __exidx_end = .

.rel.dyn        0x0800e674        0x0
 .rel.iplt      0x0800e674        0x0 c:/gcc_toolchain/6_2017-q1-update/bin/../lib/gcc/arm-none-eabi/6.3.1/thumb/v7e-m/fpv5-sp/hard/crtbegin.o

.preinit_array  0x0800e674        0x0
                0x0800e674                PROVIDE (__preinit_array_start, .)
 *(.preinit_array*)
                0x0800e674                PROVIDE (__preinit_array_end, .)

.init_array     0x0800e674        0x4
                0x0800e674                PROVIDE (__init_array_start, .)
 *(SORT(.init_array.*))
 *(.init_array*)
 .init_array    0x0800e674        0x4 c:/gcc_toolchain/6_2017-q1-update/bin/../lib/gcc/arm-none-eabi/6.3.1/thumb/v7e-m/fpv5-sp/hard/crtbegin.o
                0x0800e678                PROVIDE (__init_array_end, .)

.fini_array     0x0800e678        0x4
                [!provide]                PROVIDE (__fini_array_start, .)
 *(SORT(.fini_array.*))
 *(.fini_array*)
 .fini_array    0x0800e678        0x4 c:/gcc_toolchain/6_2017-q1-update/bin/../lib/gcc/arm-none-eabi/6.3.1/thumb/v7e-m/fpv5-sp/hard/crtbegin.o
                [!provide]                PROVIDE (__fini_array_end, .)
                0x0800e67c                _sidata = LOADADDR (.data)

.data           0x20000000       0xc8 load address 0x0800e67c
                0x20000000                . = ALIGN (0x4)
                0x20000000                _sdata = .
 *(.data)
 *(.data*)
 .data.uwTickFreq
                0x20000000        0x1 build/stm32f7xx_hal.o
                0x20000000                uwTickFreq
 *fill*         0x20000001        0x3 
 .data.uxCriticalNesting
                0x20000004        0x4 build/port.o
 .data.Stat     0x20000008        0x1 build/sd_diskio.o
 *fill*         0x20000009        0x3 
 .data.SystemCoreClock
                0x2000000c        0x4 build/system_stm32f7xx.o
                0x2000000c                SystemCoreClock
 .data.USBH_msc
                0x20000010       0x20 build/usbh_msc.o
                0x20000010                USBH_msc
 .data.Font24   0x20000030        0x8 build/stm32746g_discovery_lcd.o
                0x20000030                Font24
 .data.sdramstatus.11120
                0x20000038        0x1 build/stm32746g_discovery_sdram.o
 *fill*         0x20000039        0x3 
 .data.ft5336_ts_drv
                0x2000003c       0x28 build/ft5336.o
                0x2000003c                ft5336_ts_drv
 .data._impure_ptr
                0x20000064        0x4 c:/gcc_toolchain/6_2017-q1-update/bin/../lib/gcc/arm-none-eabi/6.3.1/../../../../arm-none-eabi/lib/thumb/v7e-m/fpv5-sp/hard\libc_nano.a(lib_a-impure.o)
                0x20000064                _impure_ptr
 .data.impure_data
                0x20000068       0x60 c:/gcc_toolchain/6_2017-q1-update/bin/../lib/gcc/arm-none-eabi/6.3.1/../../../../arm-none-eabi/lib/thumb/v7e-m/fpv5-sp/hard\libc_nano.a(lib_a-impure.o)
                0x200000c8                . = ALIGN (0x4)
                0x200000c8                _edata = .

.jcr            0x200000c8        0x0 load address 0x0800e744
 .jcr           0x200000c8        0x0 c:/gcc_toolchain/6_2017-q1-update/bin/../lib/gcc/arm-none-eabi/6.3.1/thumb/v7e-m/fpv5-sp/hard/crtbegin.o

.igot.plt       0x200000c8        0x0 load address 0x0800e744
 .igot.plt      0x200000c8        0x0 c:/gcc_toolchain/6_2017-q1-update/bin/../lib/gcc/arm-none-eabi/6.3.1/thumb/v7e-m/fpv5-sp/hard/crtbegin.o
                0x200000c8                . = ALIGN (0x4)

.bss            0x200000c8     0x5380 load address 0x0800e744
                0x200000c8                _sbss = .
                0x200000c8                __bss_start__ = _sbss
 *(.bss)
 .bss           0x200000c8       0x1c c:/gcc_toolchain/6_2017-q1-update/bin/../lib/gcc/arm-none-eabi/6.3.1/thumb/v7e-m/fpv5-sp/hard/crtbegin.o
 *(.bss*)
 .bss.pxEnd     0x200000e4        0x4 build/heap_4.o
 .bss.ucHeap    0x200000e8     0x3c00 build/heap_4.o
 .bss.xBlockAllocatedBit
                0x20003ce8        0x4 build/heap_4.o
 .bss.xFreeBytesRemaining
                0x20003cec        0x4 build/heap_4.o
 .bss.xMinimumEverFreeBytesRemaining
                0x20003cf0        0x4 build/heap_4.o
 .bss.xStart    0x20003cf4        0x8 build/heap_4.o
 .bss.ucMaxSysCallPriority
                0x20003cfc        0x1 build/port.o
 *fill*         0x20003cfd        0x3 
 .bss.ulMaxPRIGROUPValue
                0x20003d00        0x4 build/port.o
 .bss.SDQueueID
                0x20003d04        0x4 build/sd_diskio.o
 .bss.Appli_state
                0x20003d08        0x1 build/usb_host.o
                0x20003d08                Appli_state
 *fill*         0x20003d09        0x3 
 .bss.disk      0x20003d0c       0x10 build/ff_gen_drv.o
                0x20003d0c                disk
 .bss.pxCurrentTCB
                0x20003d1c        0x4 build/tasks.o
                0x20003d1c                pxCurrentTCB
 .bss.pxDelayedTaskList
                0x20003d20        0x4 build/tasks.o
 .bss.pxOverflowDelayedTaskList
                0x20003d24        0x4 build/tasks.o
 .bss.pxReadyTasksLists
                0x20003d28       0x8c build/tasks.o
 .bss.uxCurrentNumberOfTasks
                0x20003db4        0x4 build/tasks.o
 .bss.uxDeletedTasksWaitingCleanUp
                0x20003db8        0x4 build/tasks.o
 .bss.uxPendedTicks
                0x20003dbc        0x4 build/tasks.o
 .bss.uxSchedulerSuspended
                0x20003dc0        0x4 build/tasks.o
 .bss.uxTaskNumber
                0x20003dc4        0x4 build/tasks.o
 .bss.uxTopReadyPriority
                0x20003dc8        0x4 build/tasks.o
 .bss.xDelayedTaskList1
                0x20003dcc       0x14 build/tasks.o
 .bss.xDelayedTaskList2
                0x20003de0       0x14 build/tasks.o
 .bss.xIdleTaskHandle
                0x20003df4        0x4 build/tasks.o
 .bss.xNextTaskUnblockTime
                0x20003df8        0x4 build/tasks.o
 .bss.xNumOfOverflows
                0x20003dfc        0x4 build/tasks.o
 .bss.xPendingReadyList
                0x20003e00       0x14 build/tasks.o
 .bss.xSchedulerRunning
                0x20003e14        0x4 build/tasks.o
 .bss.xSuspendedTaskList
                0x20003e18       0x14 build/tasks.o
 .bss.xTasksWaitingTermination
                0x20003e2c       0x14 build/tasks.o
 .bss.xTickCount
                0x20003e40        0x4 build/tasks.o
 .bss.xYieldPending
                0x20003e44        0x4 build/tasks.o
 .bss.tmpreg.11301
                0x20003e48        0x4 build/stm32f7xx_ll_usb.o
 .bss.hI2cAudioHandler
                0x20003e4c       0x4c build/stm32746g_discovery.o
 .bss.ActiveLayer
                0x20003e98        0x4 build/stm32746g_discovery_lcd.o
 .bss.DrawProp  0x20003e9c       0x18 build/stm32746g_discovery_lcd.o
 .bss.hDma2dHandler
                0x20003eb4       0x40 build/stm32746g_discovery_lcd.o